Copyright 1986-2022 Xilinx, Inc. All Rights Reserved. Copyright 2022-2024 Advanced Micro Devices, Inc. All Rights Reserved.
----------------------------------------------------------------------------------------------------------------------------------------------------------------------------------------------------------------------------------------------------
| Tool Version : Vivado v.2024.2 (win64) Build 5239630 Fri Nov 08 22:35:27 MST 2024
| Date         : Fri Aug 14 01:44:07 2026
| Host              : <REDACTED>
| Command           : <REDACTED>
| Design       : ntt46_zero_pad_radix2_unified_baseline
| Device       : xczu9eg-ffvb1156-2-e
| Speed File   : -2
| Design State : Physopt postRoute
----------------------------------------------------------------------------------------------------------------------------------------------------------------------------------------------------------------------------------------------------

Utilization Design Information

Table of Contents
-----------------
1. CLB Logic
1.1 Summary of Registers by Type
2. CLB Logic Distribution
3. BLOCKRAM
4. ARITHMETIC
5. I/O
6. CLOCK
7. ADVANCED
8. CONFIGURATION
9. Primitives
10. Black Boxes
11. Instantiated Netlists

1. CLB Logic
------------

+----------------------------+------+-------+------------+-----------+-------+
|          Site Type         | Used | Fixed | Prohibited | Available | Util% |
+----------------------------+------+-------+------------+-----------+-------+
| CLB LUTs                   | 5532 |     0 |          0 |    274080 |  2.02 |
|   LUT as Logic             | 5528 |     0 |          0 |    274080 |  2.02 |
|   LUT as Memory            |    4 |     0 |          0 |    144000 | <0.01 |
|     LUT as Distributed RAM |    0 |     0 |            |           |       |
|     LUT as Shift Register  |    4 |     0 |            |           |       |
| CLB Registers              |  982 |     0 |          0 |    548160 |  0.18 |
|   Register as Flip Flop    |  982 |     0 |          0 |    548160 |  0.18 |
|   Register as Latch        |    0 |     0 |          0 |    548160 |  0.00 |
| CARRY8                     |  592 |     0 |          0 |     34260 |  1.73 |
| F7 Muxes                   |  296 |     0 |          0 |    137040 |  0.22 |
| F8 Muxes                   |  148 |     0 |          0 |     68520 |  0.22 |
| F9 Muxes                   |    0 |     0 |          0 |     34260 |  0.00 |
+----------------------------+------+-------+------------+-----------+-------+
* Warning! LUT value is adjusted to account for LUT combining.


1.1 Summary of Registers by Type
--------------------------------

+-------+--------------+-------------+--------------+
| Total | Clock Enable | Synchronous | Asynchronous |
+-------+--------------+-------------+--------------+
| 0     |            _ |           - |            - |
| 0     |            _ |           - |          Set |
| 0     |            _ |           - |        Reset |
| 0     |            _ |         Set |            - |
| 0     |            _ |       Reset |            - |
| 0     |          Yes |           - |            - |
| 0     |          Yes |           - |          Set |
| 0     |          Yes |           - |        Reset |
| 10    |          Yes |         Set |            - |
| 972   |          Yes |       Reset |            - |
+-------+--------------+-------------+--------------+


2. CLB Logic Distribution
-------------------------

+--------------------------------------------+------+-------+------------+-----------+-------+
|                  Site Type                 | Used | Fixed | Prohibited | Available | Util% |
+--------------------------------------------+------+-------+------------+-----------+-------+
| CLB                                        |  967 |     0 |          0 |     34260 |  2.82 |
|   CLBL                                     |  442 |     0 |            |           |       |
|   CLBM                                     |  525 |     0 |            |           |       |
| LUT as Logic                               | 5528 |     0 |          0 |    274080 |  2.02 |
|   using O5 output only                     |    9 |       |            |           |       |
|   using O6 output only                     | 4199 |       |            |           |       |
|   using O5 and O6                          | 1320 |       |            |           |       |
| LUT as Memory                              |    4 |     0 |          0 |    144000 | <0.01 |
|   LUT as Distributed RAM                   |    0 |     0 |            |           |       |
|     using O5 output only                   |    0 |       |            |           |       |
|     using O6 output only                   |    0 |       |            |           |       |
|     using O5 and O6                        |    0 |       |            |           |       |
|   LUT as Shift Register                    |    4 |     0 |            |           |       |
|     using O5 output only                   |    0 |       |            |           |       |
|     using O6 output only                   |    4 |       |            |           |       |
|     using O5 and O6                        |    0 |       |            |           |       |
| CLB Registers                              |  982 |     0 |          0 |    548160 |  0.18 |
|   Register driven from within the CLB      |  796 |       |            |           |       |
|   Register driven from outside the CLB     |  186 |       |            |           |       |
|     LUT in front of the register is unused |  127 |       |            |           |       |
|     LUT in front of the register is used   |   59 |       |            |           |       |
| Unique Control Sets                        |   32 |       |          0 |     68520 |  0.05 |
+--------------------------------------------+------+-------+------------+-----------+-------+
* * Note: Available Control Sets calculated as Slices * 2, Review the Control Sets Report for more information regarding control sets.


3. BLOCKRAM
-----------

+-------------------+------+-------+------------+-----------+-------+
|     Site Type     | Used | Fixed | Prohibited | Available | Util% |
+-------------------+------+-------+------------+-----------+-------+
| Block RAM Tile    | 18.5 |     0 |          0 |       912 |  2.03 |
|   RAMB36/FIFO*    |   15 |     0 |          0 |       912 |  1.64 |
|     RAMB36E2 only |   15 |       |            |           |       |
|   RAMB18          |    7 |     0 |          0 |      1824 |  0.38 |
|     RAMB18E2 only |    7 |       |            |           |       |
+-------------------+------+-------+------------+-----------+-------+
* Note: Each Block RAM Tile only has one FIFO logic available and therefore can accommodate only one FIFO36E2 or one FIFO18E2. However, if a FIFO18E2 occupies a Block RAM Tile, that tile can still accommodate a RAMB18E2


4. ARITHMETIC
-------------

+----------------+------+-------+------------+-----------+-------+
|    Site Type   | Used | Fixed | Prohibited | Available | Util% |
+----------------+------+-------+------------+-----------+-------+
| DSPs           |   15 |     0 |          0 |      2520 |  0.60 |
|   DSP48E2 only |   15 |       |            |           |       |
+----------------+------+-------+------------+-----------+-------+


5. I/O
------

+------------------+------+-------+------------+-----------+-------+
|     Site Type    | Used | Fixed | Prohibited | Available | Util% |
+------------------+------+-------+------------+-----------+-------+
| Bonded IOB       |  122 |     0 |          0 |       328 | 37.20 |
| HPIOB_M          |   61 |     0 |          0 |        96 | 63.54 |
|   INPUT          |   27 |       |            |           |       |
|   OUTPUT         |   34 |       |            |           |       |
|   BIDIR          |    0 |       |            |           |       |
| HPIOB_S          |   60 |     0 |          0 |        96 | 62.50 |
|   INPUT          |   26 |       |            |           |       |
|   OUTPUT         |   34 |       |            |           |       |
|   BIDIR          |    0 |       |            |           |       |
| HDIOB_M          |    0 |     0 |          0 |        60 |  0.00 |
| HDIOB_S          |    0 |     0 |          0 |        60 |  0.00 |
| HPIOB_SNGL       |    1 |     0 |          0 |        16 |  6.25 |
|   INPUT          |    1 |       |            |           |       |
|   OUTPUT         |    0 |       |            |           |       |
|   BIDIR          |    0 |       |            |           |       |
| HPIOBDIFFINBUF   |    0 |     0 |          0 |        96 |  0.00 |
| HPIOBDIFFOUTBUF  |    0 |     0 |          0 |        96 |  0.00 |
| HDIOBDIFFINBUF   |    0 |     0 |          0 |        60 |  0.00 |
| BITSLICE_CONTROL |    0 |     0 |          0 |        32 |  0.00 |
| BITSLICE_RX_TX   |    0 |     0 |          0 |      1248 |  0.00 |
| BITSLICE_TX      |    0 |     0 |          0 |        32 |  0.00 |
| RIU_OR           |    0 |     0 |          0 |        16 |  0.00 |
+------------------+------+-------+------------+-----------+-------+


6. CLOCK
--------

+------------+------+-------+------------+-----------+-------+
|  Site Type | Used | Fixed | Prohibited | Available | Util% |
+------------+------+-------+------------+-----------+-------+
| BUFGCE     |    1 |     0 |          0 |       116 |  0.86 |
| BUFGCE_DIV |    0 |     0 |          0 |        16 |  0.00 |
| BUFG_GT    |    0 |     0 |          0 |       168 |  0.00 |
| BUFG_PS    |    0 |     0 |          0 |        72 |  0.00 |
| BUFGCTRL*  |    0 |     0 |          0 |        32 |  0.00 |
| PLL        |    0 |     0 |          0 |         8 |  0.00 |
| MMCM       |    0 |     0 |          0 |         4 |  0.00 |
+------------+------+-------+------------+-----------+-------+
* Note: Each used BUFGCTRL counts as two GLOBAL CLOCK BUFFERs. This table does not include global clocking resources, only buffer cell usage. See the Clock Utilization Report (report_clock_utilization) for detailed accounting of global clocking resource availability.


7. ADVANCED
-----------

+-----------------+------+-------+------------+-----------+-------+
|    Site Type    | Used | Fixed | Prohibited | Available | Util% |
+-----------------+------+-------+------------+-----------+-------+
| GTHE4_CHANNEL   |    0 |     0 |          0 |        24 |  0.00 |
| GTHE4_COMMON    |    0 |     0 |          0 |         6 |  0.00 |
| OBUFDS_GTE4     |    0 |     0 |          0 |        12 |  0.00 |
| OBUFDS_GTE4_ADV |    0 |     0 |          0 |        12 |  0.00 |
| PS8             |    0 |     0 |          0 |         1 |  0.00 |
| SYSMONE4        |    0 |     0 |          0 |         1 |  0.00 |
+-----------------+------+-------+------------+-----------+-------+


8. CONFIGURATION
----------------

+-------------+------+-------+------------+-----------+-------+
|  Site Type  | Used | Fixed | Prohibited | Available | Util% |
+-------------+------+-------+------------+-----------+-------+
| BSCANE2     |    0 |     0 |          0 |         4 |  0.00 |
| DNA_PORTE2  |    0 |     0 |          0 |         1 |  0.00 |
| EFUSE_USR   |    0 |     0 |          0 |         1 |  0.00 |
| FRAME_ECCE4 |    0 |     0 |          0 |         1 |  0.00 |
| ICAPE3      |    0 |     0 |          0 |         2 |  0.00 |
| MASTER_JTAG |    0 |     0 |          0 |         1 |  0.00 |
| STARTUPE3   |    0 |     0 |          0 |         1 |  0.00 |
+-------------+------+-------+------------+-----------+-------+


9. Primitives
-------------

+----------+------+---------------------+
| Ref Name | Used | Functional Category |
+----------+------+---------------------+
| LUT2     | 2408 |                 CLB |
| LUT6     | 1228 |                 CLB |
| LUT3     | 1218 |                 CLB |
| FDRE     |  972 |            Register |
| LUT4     |  875 |                 CLB |
| LUT5     |  760 |                 CLB |
| CARRY8   |  592 |                 CLB |
| LUT1     |  359 |                 CLB |
| MUXF7    |  296 |                 CLB |
| MUXF8    |  148 |                 CLB |
| OBUF     |   68 |                 I/O |
| INBUF    |   54 |                 I/O |
| IBUFCTRL |   54 |              Others |
| RAMB36E2 |   15 |            BLOCKRAM |
| DSP48E2  |   15 |          Arithmetic |
| FDSE     |   10 |            Register |
| RAMB18E2 |    7 |            BLOCKRAM |
| SRL16E   |    4 |                 CLB |
| BUFGCE   |    1 |               Clock |
+----------+------+---------------------+


10. Black Boxes
---------------

+----------+------+
| Ref Name | Used |
+----------+------+


11. Instantiated Netlists
-------------------------

+----------+------+
| Ref Name | Used |
+----------+------+


