Copyright 1986-2022 Xilinx, Inc. All Rights Reserved. Copyright 2022-2024 Advanced Micro Devices, Inc. All Rights Reserved.
------------------------------------------------------------------------------------------------------------------------------------------------------------------------------------------------------------------------------
| Tool Version : Vivado v.2024.2 (win64) Build 5239630 Fri Nov 08 22:35:27 MST 2024
| Date         : Fri Aug 14 00:47:07 2026
| Host              : <REDACTED>
| Command           : <REDACTED>
| Design       : direct_spatial_parpipe_baseline_top
| Device       : xczu9eg-ffvb1156-2-e
| Speed File   : -2
| Design State : Fully Routed
------------------------------------------------------------------------------------------------------------------------------------------------------------------------------------------------------------------------------

Report DRC

Table of Contents
-----------------
1. REPORT SUMMARY
2. REPORT DETAILS

1. REPORT SUMMARY
-----------------
            Netlist: direct_spatial_parpipe_baseline_top
          Floorplan: design_1
      Design limits: <entire design considered>
           Ruledeck: default
             Max checks: <unlimited>
             Checks found: 12
+----------+------------------+----------------------------+--------+
| Rule     | Severity         | Description                | Checks |
+----------+------------------+----------------------------+--------+
| NSTD-1   | Critical Warning | Unspecified I/O Standard   | 1      |
| UCIO-1   | Critical Warning | Unconstrained Logical Port | 1      |
| PDRC-134 | Warning          | SLICE_PairEqSame_B6B5_WARN | 1      |
| PDRC-138 | Warning          | SLICE_PairEqSame_D6D5_WARN | 1      |
| PDRC-140 | Warning          | SLICE_PairEqSame_A6A5_WARN | 2      |
| PDRC-142 | Warning          | SLICE_PairEqSame_B6B5_WARN | 2      |
| PDRC-144 | Warning          | SLICE_PairEqSame_C6C5_WARN | 2      |
| PDRC-146 | Warning          | SLICE_PairEqSame_D6D5_WARN | 2      |
+----------+------------------+----------------------------+--------+

2. REPORT DETAILS
-----------------
NSTD-1#1 Critical Warning
Unspecified I/O Standard  
104 out of 104 logical ports use I/O standard (IOSTANDARD) value 'DEFAULT', instead of a user assigned specific value. This may cause I/O contention or incompatibility with the board power or connectivity affecting performance, signal integrity or in extreme cases cause damage to the device or the components to which it is connected. To correct this violation, specify all I/O standards. This design will fail to generate a bitstream unless all logical ports have a user specified I/O standard value defined. To allow bitstream creation with unspecified I/O standard values (not recommended), use this command: set_property SEVERITY {Warning} [get_drc_checks NSTD-1].  NOTE: When using the Vivado Runs infrastructure (e.g. launch_runs Tcl command), add this command to a .tcl file and add that file as a pre-hook for write_bitstream step for the implementation run. Problem ports: busy, cfg_cin[2:0], cfg_nh[7:0], clk, compute_cycles[31:0], done,
load_ch[1:0], load_data[3:0], load_en, load_idx[6:0], load_is_h,
out_data[31:0], out_idx[7:0], out_valid, rst (the first 15 of 16 listed).
Related violations: <none>

UCIO-1#1 Critical Warning
Unconstrained Logical Port  
104 out of 104 logical ports have no user assigned specific location constraint (LOC). This may cause I/O contention or incompatibility with the board power or connectivity affecting performance, signal integrity or in extreme cases cause damage to the device or the components to which it is connected. To correct this violation, specify all pin locations. This design will fail to generate a bitstream unless all logical ports have a user specified site LOC constraint defined.  To allow bitstream creation with unspecified pin locations (not recommended), use this command: set_property SEVERITY {Warning} [get_drc_checks UCIO-1].  NOTE: When using the Vivado Runs infrastructure (e.g. launch_runs Tcl command), add this command to a .tcl file and add that file as a pre-hook for write_bitstream step for the implementation run.  Problem ports: busy, cfg_cin[2:0], cfg_nh[7:0], clk, compute_cycles[31:0], done,
load_ch[1:0], load_data[3:0], load_en, load_idx[6:0], load_is_h,
out_data[31:0], out_idx[7:0], out_valid, rst (the first 15 of 16 listed).
Related violations: <none>

PDRC-134#1 Warning
SLICE_PairEqSame_B6B5_WARN  
Luts B6LUT and B5LUT in use in site SLICE_X71Y144 with different equations without A6 pin connected to Global Logic High.
Related violations: <none>

PDRC-138#1 Warning
SLICE_PairEqSame_D6D5_WARN  
Luts D6LUT and D5LUT in use in site SLICE_X71Y142 with different equations without A6 pin connected to Global Logic High.
Related violations: <none>

PDRC-140#1 Warning
SLICE_PairEqSame_A6A5_WARN  
Luts A6LUT and A5LUT in use in site SLICE_X70Y143 with different equations without A6 pin connected to Global Logic High.
Related violations: <none>

PDRC-140#2 Warning
SLICE_PairEqSame_A6A5_WARN  
Luts A6LUT and A5LUT in use in site SLICE_X70Y144 with different equations without A6 pin connected to Global Logic High.
Related violations: <none>

PDRC-142#1 Warning
SLICE_PairEqSame_B6B5_WARN  
Luts B6LUT and B5LUT in use in site SLICE_X70Y143 with different equations without A6 pin connected to Global Logic High.
Related violations: <none>

PDRC-142#2 Warning
SLICE_PairEqSame_B6B5_WARN  
Luts B6LUT and B5LUT in use in site SLICE_X70Y144 with different equations without A6 pin connected to Global Logic High.
Related violations: <none>

PDRC-144#1 Warning
SLICE_PairEqSame_C6C5_WARN  
Luts C6LUT and C5LUT in use in site SLICE_X70Y143 with different equations without A6 pin connected to Global Logic High.
Related violations: <none>

PDRC-144#2 Warning
SLICE_PairEqSame_C6C5_WARN  
Luts C6LUT and C5LUT in use in site SLICE_X70Y144 with different equations without A6 pin connected to Global Logic High.
Related violations: <none>

PDRC-146#1 Warning
SLICE_PairEqSame_D6D5_WARN  
Luts D6LUT and D5LUT in use in site SLICE_X70Y143 with different equations without A6 pin connected to Global Logic High.
Related violations: <none>

PDRC-146#2 Warning
SLICE_PairEqSame_D6D5_WARN  
Luts D6LUT and D5LUT in use in site SLICE_X70Y144 with different equations without A6 pin connected to Global Logic High.
Related violations: <none>


