Copyright 1986-2022 Xilinx, Inc. All Rights Reserved. Copyright 2022-2024 Advanced Micro Devices, Inc. All Rights Reserved.
--------------------------------------------------------------------------------------------------------------------------------------------------
| Tool Version      : Vivado v.2024.2 (win64) Build 5239630 Fri Nov 08 22:35:27 MST 2024
| Date              : Thu Aug 13 20:11:30 2026
| Host              : <REDACTED>
| Command           : <REDACTED>
| Design            : ntt46_fact_lean_ip_unified_axi_lite_core
| Device            : xczu9eg-ffvb1156
| Speed File        : -2  PRODUCTION 1.30 05-15-2022
| Design State      : Physopt postRoute
| Temperature Grade : E
--------------------------------------------------------------------------------------------------------------------------------------------------

Timing Summary Report

------------------------------------------------------------------------------------------------
| Timer Settings
| --------------
------------------------------------------------------------------------------------------------

  Enable Multi Corner Analysis               :  Yes
  Enable Pessimism Removal                   :  Yes
  Pessimism Removal Resolution               :  Nearest Common Node
  Enable Input Delay Default Clock           :  No
  Enable Preset / Clear Arcs                 :  No
  Disable Flight Delays                      :  No
  Ignore I/O Paths                           :  No
  Timing Early Launch at Borrowing Latches   :  No
  Borrow Time for Max Delay Exceptions       :  Yes
  Merge Timing Exceptions                    :  Yes
  Inter-SLR Compensation                     :  Conservative

  Corner  Analyze    Analyze    
  Name    Max Paths  Min Paths  
  ------  ---------  ---------  
  Slow    Yes        Yes        
  Fast    Yes        Yes        


------------------------------------------------------------------------------------------------
| Report Methodology
| ------------------
------------------------------------------------------------------------------------------------

No report available as report_methodology has not been run prior. Run report_methodology on the current design for the summary of methodology violations.



check_timing report

Table of Contents
-----------------
1. checking no_clock (0)
2. checking constant_clock (0)
3. checking pulse_width_clock (0)
4. checking unconstrained_internal_endpoints (0)
5. checking no_input_delay (67)
6. checking no_output_delay (72)
7. checking multiple_clock (0)
8. checking generated_clocks (0)
9. checking loops (0)
10. checking partial_input_delay (0)
11. checking partial_output_delay (0)
12. checking latch_loops (0)

1. checking no_clock (0)
------------------------
 There are 0 register/latch pins with no clock.


2. checking constant_clock (0)
------------------------------
 There are 0 register/latch pins with constant_clock.


3. checking pulse_width_clock (0)
---------------------------------
 There are 0 register/latch pins which need pulse_width check


4. checking unconstrained_internal_endpoints (0)
------------------------------------------------
 There are 0 pins that are not constrained for maximum delay.

 There are 0 pins that are not constrained for maximum delay due to constant clock.


5. checking no_input_delay (67)
-------------------------------
 There are 67 input ports with no input delay specified. (HIGH)

 There are 0 input ports with no input delay but user has a false path constraint.


6. checking no_output_delay (72)
--------------------------------
 There are 72 ports with no output delay specified. (HIGH)

 There are 0 ports with no output delay but user has a false path constraint

 There are 0 ports with no output delay but with a timing clock defined on it or propagating through it


7. checking multiple_clock (0)
------------------------------
 There are 0 register/latch pins with multiple clocks.


8. checking generated_clocks (0)
--------------------------------
 There are 0 generated clocks that are not connected to a clock source.


9. checking loops (0)
---------------------
 There are 0 combinational loops in the design.


10. checking partial_input_delay (0)
------------------------------------
 There are 0 input ports with partial input delay specified.


11. checking partial_output_delay (0)
-------------------------------------
 There are 0 ports with partial output delay specified.


12. checking latch_loops (0)
----------------------------
 There are 0 combinational latch loops in the design through latch input



------------------------------------------------------------------------------------------------
| Design Timing Summary
| ---------------------
------------------------------------------------------------------------------------------------

    WNS(ns)      TNS(ns)  TNS Failing Endpoints  TNS Total Endpoints      WHS(ns)      THS(ns)  THS Failing Endpoints  THS Total Endpoints     WPWS(ns)     TPWS(ns)  TPWS Failing Endpoints  TPWS Total Endpoints  
    -------      -------  ---------------------  -------------------      -------      -------  ---------------------  -------------------     --------     --------  ----------------------  --------------------  
      0.154        0.000                      0               205340        0.010        0.000                      0               205340        1.833        0.000                       0                 95860  


All user specified timing constraints are met.


------------------------------------------------------------------------------------------------
| Clock Summary
| -------------
------------------------------------------------------------------------------------------------

Clock  Waveform(ns)         Period(ns)      Frequency(MHz)
-----  ------------         ----------      --------------
clk    {0.000 2.375}        4.750           210.526         


------------------------------------------------------------------------------------------------
| Intra Clock Table
| -----------------
------------------------------------------------------------------------------------------------

Clock             WNS(ns)      TNS(ns)  TNS Failing Endpoints  TNS Total Endpoints      WHS(ns)      THS(ns)  THS Failing Endpoints  THS Total Endpoints     WPWS(ns)     TPWS(ns)  TPWS Failing Endpoints  TPWS Total Endpoints  
-----             -------      -------  ---------------------  -------------------      -------      -------  ---------------------  -------------------     --------     --------  ----------------------  --------------------  
clk                 0.154        0.000                      0               205340        0.010        0.000                      0               205340        1.833        0.000                       0                 95860  


------------------------------------------------------------------------------------------------
| Inter Clock Table
| -----------------
------------------------------------------------------------------------------------------------

From Clock    To Clock          WNS(ns)      TNS(ns)  TNS Failing Endpoints  TNS Total Endpoints      WHS(ns)      THS(ns)  THS Failing Endpoints  THS Total Endpoints  
----------    --------          -------      -------  ---------------------  -------------------      -------      -------  ---------------------  -------------------  


------------------------------------------------------------------------------------------------
| Other Path Groups Table
| -----------------------
------------------------------------------------------------------------------------------------

Path Group    From Clock    To Clock          WNS(ns)      TNS(ns)  TNS Failing Endpoints  TNS Total Endpoints      WHS(ns)      THS(ns)  THS Failing Endpoints  THS Total Endpoints  
----------    ----------    --------          -------      -------  ---------------------  -------------------      -------      -------  ---------------------  -------------------  


------------------------------------------------------------------------------------------------
| Timing Details
| --------------
------------------------------------------------------------------------------------------------


---------------------------------------------------------------------------------------------------
From Clock:  clk
  To Clock:  clk

Setup :            0  Failing Endpoints,  Worst Slack        0.154ns,  Total Violation        0.000ns
Hold  :            0  Failing Endpoints,  Worst Slack        0.010ns,  Total Violation        0.000ns
PW    :            0  Failing Endpoints,  Worst Slack        1.833ns,  Total Violation        0.000ns
---------------------------------------------------------------------------------------------------


Max Delay Paths
--------------------------------------------------------------------------------------
Slack (MET) :             0.154ns  (required time - arrival time)
  Source:                 g_int8.u_precision_core/u_core/u_p2/u_prod/u_core/u_core/u_plus_step/g_unified_lane.u_lane_group/g_lane[5].g_lane_n.u_lane/g_tight_mul.u_mul1/u_mul/g_base_stage.out_valid_reg/C
                            (rising edge-triggered cell FDRE clocked by clk  {rise@0.000ns fall@2.375ns period=4.750ns})
  Destination:            g_int8.u_precision_core/u_core/u_p2/u_prod/u_core/u_core/u_plus_step/g_unified_lane.u_lane_group/g_lane[5].g_lane_n.u_lane/bfly_w1_q_reg[0]/CE
                            (rising edge-triggered cell FDRE clocked by clk  {rise@0.000ns fall@2.375ns period=4.750ns})
  Path Group:             clk
  Path Type:              Setup (Max at Slow Process Corner)
  Requirement:            4.750ns  (clk rise@4.750ns - clk rise@0.000ns)
  Data Path Delay:        4.158ns  (logic 0.203ns (4.883%)  route 3.955ns (95.117%))
  Logic Levels:           1  (LUT4=1)
  Clock Path Skew:        -0.343ns (DCD - SCD + CPR)
    Destination Clock Delay (DCD):    2.385ns = ( 7.135 - 4.750 ) 
    Source Clock Delay      (SCD):    3.094ns
    Clock Pessimism Removal (CPR):    0.366ns
  Clock Uncertainty:      0.035ns  ((TSJ^2 + TIJ^2)^1/2 + DJ) / 2 + PE
    Total System Jitter     (TSJ):    0.071ns
    Total Input Jitter      (TIJ):    0.000ns
    Discrete Jitter          (DJ):    0.000ns
    Phase Error              (PE):    0.000ns
  Clock Net Delay (Source):      2.252ns (routing 0.767ns, distribution 1.485ns)
  Clock Net Delay (Destination): 1.836ns (routing 0.702ns, distribution 1.134ns)

    Location             Delay type                Incr(ns)  Path(ns)    Netlist Resource(s)
  -------------------------------------------------------------------    -------------------
                         (clock clk rise edge)        0.000     0.000 r  
    Y8                                                0.000     0.000 r  clk (IN)
                         net (fo=0)                   0.000     0.000    clk_IBUF_inst/I
    Y8                   INBUF (Prop_INBUF_HPIOB_M_PAD_O)
                                                      0.482     0.482 r  clk_IBUF_inst/INBUF_INST/O
                         net (fo=1, routed)           0.000     0.482    clk_IBUF_inst/OUT
    Y8                   IBUFCTRL (Prop_IBUFCTRL_HPIOB_M_I_O)
                                                      0.000     0.482 r  clk_IBUF_inst/IBUFCTRL_INST/O
                         net (fo=1, routed)           0.332     0.814    clk_IBUF
    BUFGCE_X0Y71         BUFGCE (Prop_BUFCE_BUFGCE_I_O)
                                                      0.028     0.842 r  clk_IBUF_BUFG_inst/O
    X1Y2 (CLOCK_ROOT)    net (fo=96765, routed)       2.252     3.094    g_int8.u_precision_core/u_core/u_p2/u_prod/u_core/u_core/u_plus_step/g_unified_lane.u_lane_group/g_lane[5].g_lane_n.u_lane/g_tight_mul.u_mul1/u_mul/clk_IBUF_BUFG
    SLICE_X92Y278        FDRE                                         r  g_int8.u_precision_core/u_core/u_p2/u_prod/u_core/u_core/u_plus_step/g_unified_lane.u_lane_group/g_lane[5].g_lane_n.u_lane/g_tight_mul.u_mul1/u_mul/g_base_stage.out_valid_reg/C
  -------------------------------------------------------------------    -------------------
    SLICE_X92Y278        FDRE (Prop_HFF2_SLICEL_C_Q)
                                                      0.080     3.174 r  g_int8.u_precision_core/u_core/u_p2/u_prod/u_core/u_core/u_plus_step/g_unified_lane.u_lane_group/g_lane[5].g_lane_n.u_lane/g_tight_mul.u_mul1/u_mul/g_base_stage.out_valid_reg/Q
                         net (fo=80, routed)          1.187     4.360    g_int8.u_precision_core/u_core/u_p2/u_prod/u_core/u_core/u_plus_step/g_unified_lane.u_lane_group/g_lane[5].g_lane_n.u_lane/mul_out_valid_c
    SLICE_X84Y259        LUT4 (Prop_E6LUT_SLICEL_I0_O)
                                                      0.123     4.483 r  g_int8.u_precision_core/u_core/u_p2/u_prod/u_core/u_core/u_plus_step/g_unified_lane.u_lane_group/g_lane[5].g_lane_n.u_lane/i___454/O
                         net (fo=124, routed)         2.768     7.251    g_int8.u_precision_core/u_core/u_p2/u_prod/u_core/u_core/u_plus_step/g_unified_lane.u_lane_group/g_lane[5].g_lane_n.u_lane/bfly_in_valid_c
    SLICE_X60Y225        FDRE                                         r  g_int8.u_precision_core/u_core/u_p2/u_prod/u_core/u_core/u_plus_step/g_unified_lane.u_lane_group/g_lane[5].g_lane_n.u_lane/bfly_w1_q_reg[0]/CE
  -------------------------------------------------------------------    -------------------

                         (clock clk rise edge)        4.750     4.750 r  
    Y8                                                0.000     4.750 r  clk (IN)
                         net (fo=0)                   0.000     4.750    clk_IBUF_inst/I
    Y8                   INBUF (Prop_INBUF_HPIOB_M_PAD_O)
                                                      0.232     4.982 r  clk_IBUF_inst/INBUF_INST/O
                         net (fo=1, routed)           0.000     4.982    clk_IBUF_inst/OUT
    Y8                   IBUFCTRL (Prop_IBUFCTRL_HPIOB_M_I_O)
                                                      0.000     4.982 r  clk_IBUF_inst/IBUFCTRL_INST/O
                         net (fo=1, routed)           0.293     5.275    clk_IBUF
    BUFGCE_X0Y71         BUFGCE (Prop_BUFCE_BUFGCE_I_O)
                                                      0.024     5.299 r  clk_IBUF_BUFG_inst/O
    X1Y2 (CLOCK_ROOT)    net (fo=96765, routed)       1.836     7.135    g_int8.u_precision_core/u_core/u_p2/u_prod/u_core/u_core/u_plus_step/g_unified_lane.u_lane_group/g_lane[5].g_lane_n.u_lane/clk_IBUF_BUFG
    SLICE_X60Y225        FDRE                                         r  g_int8.u_precision_core/u_core/u_p2/u_prod/u_core/u_core/u_plus_step/g_unified_lane.u_lane_group/g_lane[5].g_lane_n.u_lane/bfly_w1_q_reg[0]/C
                         clock pessimism              0.366     7.500    
                         clock uncertainty           -0.035     7.465    
    SLICE_X60Y225        FDRE (Setup_DFF_SLICEL_C_CE)
                                                     -0.060     7.405    g_int8.u_precision_core/u_core/u_p2/u_prod/u_core/u_core/u_plus_step/g_unified_lane.u_lane_group/g_lane[5].g_lane_n.u_lane/bfly_w1_q_reg[0]
  -------------------------------------------------------------------
                         required time                          7.405    
                         arrival time                          -7.251    
  -------------------------------------------------------------------
                         slack                                  0.154    





Min Delay Paths
--------------------------------------------------------------------------------------
Slack (MET) :             0.010ns  (arrival time - required time)
  Source:                 g_int8.u_precision_core/u_core/u_p2/u_prod/u_core/u_core/u_minus_step/g_unified_lane.u_lane_group/g_lane[3].g_lane_n.u_lane/side_w2_q_reg[2][11]/C
                            (rising edge-triggered cell FDRE clocked by clk  {rise@0.000ns fall@2.375ns period=4.750ns})
  Destination:            g_int8.u_precision_core/u_core/u_p2/u_prod/u_core/u_core/u_minus_step/g_unified_lane.u_lane_group/g_lane[3].g_lane_n.u_lane/fwd_w2_launch_q_reg[11]/D
                            (rising edge-triggered cell FDRE clocked by clk  {rise@0.000ns fall@2.375ns period=4.750ns})
  Path Group:             clk
  Path Type:              Hold (Min at Slow Process Corner)
  Requirement:            0.000ns  (clk rise@0.000ns - clk rise@0.000ns)
  Data Path Delay:        0.155ns  (logic 0.058ns (37.419%)  route 0.097ns (62.581%))
  Logic Levels:           0  
  Clock Path Skew:        0.083ns (DCD - SCD - CPR)
    Destination Clock Delay (DCD):    2.849ns
    Source Clock Delay      (SCD):    2.342ns
    Clock Pessimism Removal (CPR):    0.423ns
  Clock Net Delay (Source):      1.793ns (routing 0.702ns, distribution 1.091ns)
  Clock Net Delay (Destination): 2.007ns (routing 0.767ns, distribution 1.240ns)

    Location             Delay type                Incr(ns)  Path(ns)    Netlist Resource(s)
  -------------------------------------------------------------------    -------------------
                         (clock clk rise edge)        0.000     0.000 r  
    Y8                                                0.000     0.000 r  clk (IN)
                         net (fo=0)                   0.000     0.000    clk_IBUF_inst/I
    Y8                   INBUF (Prop_INBUF_HPIOB_M_PAD_O)
                                                      0.232     0.232 r  clk_IBUF_inst/INBUF_INST/O
                         net (fo=1, routed)           0.000     0.232    clk_IBUF_inst/OUT
    Y8                   IBUFCTRL (Prop_IBUFCTRL_HPIOB_M_I_O)
                                                      0.000     0.232 r  clk_IBUF_inst/IBUFCTRL_INST/O
                         net (fo=1, routed)           0.293     0.525    clk_IBUF
    BUFGCE_X0Y71         BUFGCE (Prop_BUFCE_BUFGCE_I_O)
                                                      0.024     0.549 r  clk_IBUF_BUFG_inst/O
    X1Y2 (CLOCK_ROOT)    net (fo=96765, routed)       1.793     2.342    g_int8.u_precision_core/u_core/u_p2/u_prod/u_core/u_core/u_minus_step/g_unified_lane.u_lane_group/g_lane[3].g_lane_n.u_lane/clk_IBUF_BUFG
    SLICE_X41Y212        FDRE                                         r  g_int8.u_precision_core/u_core/u_p2/u_prod/u_core/u_core/u_minus_step/g_unified_lane.u_lane_group/g_lane[3].g_lane_n.u_lane/side_w2_q_reg[2][11]/C
  -------------------------------------------------------------------    -------------------
    SLICE_X41Y212        FDRE (Prop_EFF_SLICEM_C_Q)
                                                      0.058     2.400 r  g_int8.u_precision_core/u_core/u_p2/u_prod/u_core/u_core/u_minus_step/g_unified_lane.u_lane_group/g_lane[3].g_lane_n.u_lane/side_w2_q_reg[2][11]/Q
                         net (fo=1, routed)           0.097     2.497    g_int8.u_precision_core/u_core/u_p2/u_prod/u_core/u_core/u_minus_step/g_unified_lane.u_lane_group/g_lane[3].g_lane_n.u_lane/side_w2_q_reg[2]_481[11]
    SLICE_X40Y212        FDRE                                         r  g_int8.u_precision_core/u_core/u_p2/u_prod/u_core/u_core/u_minus_step/g_unified_lane.u_lane_group/g_lane[3].g_lane_n.u_lane/fwd_w2_launch_q_reg[11]/D
  -------------------------------------------------------------------    -------------------

                         (clock clk rise edge)        0.000     0.000 r  
    Y8                                                0.000     0.000 r  clk (IN)
                         net (fo=0)                   0.000     0.000    clk_IBUF_inst/I
    Y8                   INBUF (Prop_INBUF_HPIOB_M_PAD_O)
                                                      0.482     0.482 r  clk_IBUF_inst/INBUF_INST/O
                         net (fo=1, routed)           0.000     0.482    clk_IBUF_inst/OUT
    Y8                   IBUFCTRL (Prop_IBUFCTRL_HPIOB_M_I_O)
                                                      0.000     0.482 r  clk_IBUF_inst/IBUFCTRL_INST/O
                         net (fo=1, routed)           0.332     0.814    clk_IBUF
    BUFGCE_X0Y71         BUFGCE (Prop_BUFCE_BUFGCE_I_O)
                                                      0.028     0.842 r  clk_IBUF_BUFG_inst/O
    X1Y2 (CLOCK_ROOT)    net (fo=96765, routed)       2.007     2.849    g_int8.u_precision_core/u_core/u_p2/u_prod/u_core/u_core/u_minus_step/g_unified_lane.u_lane_group/g_lane[3].g_lane_n.u_lane/clk_IBUF_BUFG
    SLICE_X40Y212        FDRE                                         r  g_int8.u_precision_core/u_core/u_p2/u_prod/u_core/u_core/u_minus_step/g_unified_lane.u_lane_group/g_lane[3].g_lane_n.u_lane/fwd_w2_launch_q_reg[11]/C
                         clock pessimism             -0.423     2.426    
    SLICE_X40Y212        FDRE (Hold_HFF2_SLICEM_C_D)
                                                      0.062     2.488    g_int8.u_precision_core/u_core/u_p2/u_prod/u_core/u_core/u_minus_step/g_unified_lane.u_lane_group/g_lane[3].g_lane_n.u_lane/fwd_w2_launch_q_reg[11]
  -------------------------------------------------------------------
                         required time                         -2.488    
                         arrival time                           2.497    
  -------------------------------------------------------------------
                         slack                                  0.010    





Pulse Width Checks
--------------------------------------------------------------------------------------
Clock Name:         clk
Waveform(ns):       { 0.000 2.375 }
Period(ns):         4.750
Sources:            { clk }

Check Type        Corner  Lib Pin             Reference Pin  Required(ns)  Actual(ns)  Slack(ns)  Location      Pin
Min Period        n/a     RAMB18E2/CLKARDCLK  n/a            1.569         4.750       3.181      RAMB18_X9Y41  g_int8.u_precision_core/u_core/u_p1/u_h_stage0_even/g_word_slots.g_bank[0].g_block.mem_reg_0/CLKARDCLK
Low Pulse Width   Slow    RAMB18E2/CLKARDCLK  n/a            0.542         2.375       1.833      RAMB18_X9Y41  g_int8.u_precision_core/u_core/u_p1/u_h_stage0_even/g_word_slots.g_bank[0].g_block.mem_reg_0/CLKARDCLK
High Pulse Width  Slow    RAMB18E2/CLKARDCLK  n/a            0.542         2.375       1.833      RAMB18_X9Y41  g_int8.u_precision_core/u_core/u_p1/u_h_stage0_even/g_word_slots.g_bank[0].g_block.mem_reg_0/CLKARDCLK



