Copyright 1986-2022 Xilinx, Inc. All Rights Reserved. Copyright 2022-2024 Advanced Micro Devices, Inc. All Rights Reserved.
---------------------------------------------------------------------------------------------------------------------------------------------
| Tool Version : Vivado v.2024.2 (win64) Build 5239630 Fri Nov 08 22:35:27 MST 2024
| Date         : Thu Aug 13 18:11:19 2026
| Host              : <REDACTED>
| Command           : <REDACTED>
| Design       : ntt46_fact_lean_ip_unified_axi_lite_core
| Device       : xczu9eg-ffvb1156-2-e
| Speed File   : -2
| Design State : Physopt postRoute
---------------------------------------------------------------------------------------------------------------------------------------------

Utilization Design Information

Table of Contents
-----------------
1. CLB Logic
1.1 Summary of Registers by Type
2. CLB Logic Distribution
3. BLOCKRAM
4. ARITHMETIC
5. I/O
6. CLOCK
7. ADVANCED
8. CONFIGURATION
9. Primitives
10. Black Boxes
11. Instantiated Netlists

1. CLB Logic
------------

+----------------------------+-------+-------+------------+-----------+-------+
|          Site Type         |  Used | Fixed | Prohibited | Available | Util% |
+----------------------------+-------+-------+------------+-----------+-------+
| CLB LUTs                   | 54752 |     0 |          0 |    274080 | 19.98 |
|   LUT as Logic             | 52345 |     0 |          0 |    274080 | 19.10 |
|   LUT as Memory            |  2407 |     0 |          0 |    144000 |  1.67 |
|     LUT as Distributed RAM |  1408 |     0 |            |           |       |
|     LUT as Shift Register  |   999 |     0 |            |           |       |
| CLB Registers              | 53658 |     0 |          0 |    548160 |  9.79 |
|   Register as Flip Flop    | 53658 |     0 |          0 |    548160 |  9.79 |
|   Register as Latch        |     0 |     0 |          0 |    548160 |  0.00 |
| CARRY8                     |  3035 |     0 |          0 |     34260 |  8.86 |
| F7 Muxes                   |  2454 |     0 |          0 |    137040 |  1.79 |
| F8 Muxes                   |  1124 |     0 |          0 |     68520 |  1.64 |
| F9 Muxes                   |     0 |     0 |          0 |     34260 |  0.00 |
+----------------------------+-------+-------+------------+-----------+-------+
* Warning! LUT value is adjusted to account for LUT combining.


1.1 Summary of Registers by Type
--------------------------------

+-------+--------------+-------------+--------------+
| Total | Clock Enable | Synchronous | Asynchronous |
+-------+--------------+-------------+--------------+
| 0     |            _ |           - |            - |
| 0     |            _ |           - |          Set |
| 0     |            _ |           - |        Reset |
| 0     |            _ |         Set |            - |
| 0     |            _ |       Reset |            - |
| 0     |          Yes |           - |            - |
| 0     |          Yes |           - |          Set |
| 0     |          Yes |           - |        Reset |
| 12    |          Yes |         Set |            - |
| 53646 |          Yes |       Reset |            - |
+-------+--------------+-------------+--------------+


2. CLB Logic Distribution
-------------------------

+--------------------------------------------+-------+-------+------------+-----------+-------+
|                  Site Type                 |  Used | Fixed | Prohibited | Available | Util% |
+--------------------------------------------+-------+-------+------------+-----------+-------+
| CLB                                        | 10607 |     0 |          0 |     34260 | 30.96 |
|   CLBL                                     |  5066 |     0 |            |           |       |
|   CLBM                                     |  5541 |     0 |            |           |       |
| LUT as Logic                               | 52345 |     0 |          0 |    274080 | 19.10 |
|   using O5 output only                     |   261 |       |            |           |       |
|   using O6 output only                     | 40342 |       |            |           |       |
|   using O5 and O6                          | 11742 |       |            |           |       |
| LUT as Memory                              |  2407 |     0 |          0 |    144000 |  1.67 |
|   LUT as Distributed RAM                   |  1408 |     0 |            |           |       |
|     using O5 output only                   |     0 |       |            |           |       |
|     using O6 output only                   |   704 |       |            |           |       |
|     using O5 and O6                        |   704 |       |            |           |       |
|   LUT as Shift Register                    |   999 |     0 |            |           |       |
|     using O5 output only                   |     0 |       |            |           |       |
|     using O6 output only                   |   287 |       |            |           |       |
|     using O5 and O6                        |   712 |       |            |           |       |
| CLB Registers                              | 53658 |     0 |          0 |    548160 |  9.79 |
|   Register driven from within the CLB      | 21230 |       |            |           |       |
|   Register driven from outside the CLB     | 32428 |       |            |           |       |
|     LUT in front of the register is unused | 14988 |       |            |           |       |
|     LUT in front of the register is used   | 17440 |       |            |           |       |
| Unique Control Sets                        |   208 |       |          0 |     68520 |  0.30 |
+--------------------------------------------+-------+-------+------------+-----------+-------+
* * Note: Available Control Sets calculated as Slices * 2, Review the Control Sets Report for more information regarding control sets.


3. BLOCKRAM
-----------

+-------------------+------+-------+------------+-----------+-------+
|     Site Type     | Used | Fixed | Prohibited | Available | Util% |
+-------------------+------+-------+------------+-----------+-------+
| Block RAM Tile    |  172 |     0 |          0 |       912 | 18.86 |
|   RAMB36/FIFO*    |   12 |     0 |          0 |       912 |  1.32 |
|     RAMB36E2 only |   12 |       |            |           |       |
|   RAMB18          |  320 |     0 |          0 |      1824 | 17.54 |
|     RAMB18E2 only |  320 |       |            |           |       |
+-------------------+------+-------+------------+-----------+-------+
* Note: Each Block RAM Tile only has one FIFO logic available and therefore can accommodate only one FIFO36E2 or one FIFO18E2. However, if a FIFO18E2 occupies a Block RAM Tile, that tile can still accommodate a RAMB18E2


4. ARITHMETIC
-------------

+----------------+------+-------+------------+-----------+-------+
|    Site Type   | Used | Fixed | Prohibited | Available | Util% |
+----------------+------+-------+------------+-----------+-------+
| DSPs           |  195 |     0 |          0 |      2520 |  7.74 |
|   DSP48E2 only |  195 |       |            |           |       |
+----------------+------+-------+------------+-----------+-------+


5. I/O
------

+------------------+------+-------+------------+-----------+-------+
|     Site Type    | Used | Fixed | Prohibited | Available | Util% |
+------------------+------+-------+------------+-----------+-------+
| Bonded IOB       |  157 |     0 |          0 |       328 | 47.87 |
| HPIOB_M          |   73 |     0 |          0 |        96 | 76.04 |
|   INPUT          |   41 |       |            |           |       |
|   OUTPUT         |   32 |       |            |           |       |
|   BIDIR          |    0 |       |            |           |       |
| HPIOB_S          |   73 |     0 |          0 |        96 | 76.04 |
|   INPUT          |   40 |       |            |           |       |
|   OUTPUT         |   33 |       |            |           |       |
|   BIDIR          |    0 |       |            |           |       |
| HDIOB_M          |    0 |     0 |          0 |        60 |  0.00 |
| HDIOB_S          |    0 |     0 |          0 |        60 |  0.00 |
| HPIOB_SNGL       |   11 |     0 |          0 |        16 | 68.75 |
|   INPUT          |    0 |       |            |           |       |
|   OUTPUT         |   11 |       |            |           |       |
|   BIDIR          |    0 |       |            |           |       |
| HPIOBDIFFINBUF   |    0 |     0 |          0 |        96 |  0.00 |
| HPIOBDIFFOUTBUF  |    0 |     0 |          0 |        96 |  0.00 |
| HDIOBDIFFINBUF   |    0 |     0 |          0 |        60 |  0.00 |
| BITSLICE_CONTROL |    0 |     0 |          0 |        32 |  0.00 |
| BITSLICE_RX_TX   |    0 |     0 |          0 |      1248 |  0.00 |
| BITSLICE_TX      |    0 |     0 |          0 |        32 |  0.00 |
| RIU_OR           |    0 |     0 |          0 |        16 |  0.00 |
+------------------+------+-------+------------+-----------+-------+


6. CLOCK
--------

+------------+------+-------+------------+-----------+-------+
|  Site Type | Used | Fixed | Prohibited | Available | Util% |
+------------+------+-------+------------+-----------+-------+
| BUFGCE     |   14 |     0 |          0 |       116 | 12.07 |
| BUFGCE_DIV |    0 |     0 |          0 |        16 |  0.00 |
| BUFG_GT    |    0 |     0 |          0 |       168 |  0.00 |
| BUFG_PS    |    0 |     0 |          0 |        72 |  0.00 |
| BUFGCTRL*  |    0 |     0 |          0 |        32 |  0.00 |
| PLL        |    0 |     0 |          0 |         8 |  0.00 |
| MMCM       |    0 |     0 |          0 |         4 |  0.00 |
+------------+------+-------+------------+-----------+-------+
* Note: Each used BUFGCTRL counts as two GLOBAL CLOCK BUFFERs. This table does not include global clocking resources, only buffer cell usage. See the Clock Utilization Report (report_clock_utilization) for detailed accounting of global clocking resource availability.


7. ADVANCED
-----------

+-----------------+------+-------+------------+-----------+-------+
|    Site Type    | Used | Fixed | Prohibited | Available | Util% |
+-----------------+------+-------+------------+-----------+-------+
| GTHE4_CHANNEL   |    0 |     0 |          0 |        24 |  0.00 |
| GTHE4_COMMON    |    0 |     0 |          0 |         6 |  0.00 |
| OBUFDS_GTE4     |    0 |     0 |          0 |        12 |  0.00 |
| OBUFDS_GTE4_ADV |    0 |     0 |          0 |        12 |  0.00 |
| PS8             |    0 |     0 |          0 |         1 |  0.00 |
| SYSMONE4        |    0 |     0 |          0 |         1 |  0.00 |
+-----------------+------+-------+------------+-----------+-------+


8. CONFIGURATION
----------------

+-------------+------+-------+------------+-----------+-------+
|  Site Type  | Used | Fixed | Prohibited | Available | Util% |
+-------------+------+-------+------------+-----------+-------+
| BSCANE2     |    0 |     0 |          0 |         4 |  0.00 |
| DNA_PORTE2  |    0 |     0 |          0 |         1 |  0.00 |
| EFUSE_USR   |    0 |     0 |          0 |         1 |  0.00 |
| FRAME_ECCE4 |    0 |     0 |          0 |         1 |  0.00 |
| ICAPE3      |    0 |     0 |          0 |         2 |  0.00 |
| MASTER_JTAG |    0 |     0 |          0 |         1 |  0.00 |
| STARTUPE3   |    0 |     0 |          0 |         1 |  0.00 |
+-------------+------+-------+------------+-----------+-------+


9. Primitives
-------------

+----------+-------+---------------------+
| Ref Name |  Used | Functional Category |
+----------+-------+---------------------+
| FDRE     | 53646 |            Register |
| LUT3     | 16910 |                 CLB |
| LUT5     | 15537 |                 CLB |
| LUT6     | 12770 |                 CLB |
| LUT2     |  9773 |                 CLB |
| LUT4     |  6030 |                 CLB |
| LUT1     |  3067 |                 CLB |
| CARRY8   |  3035 |                 CLB |
| MUXF7    |  2454 |                 CLB |
| SRL16E   |  1711 |                 CLB |
| RAMD32   |  1232 |                 CLB |
| MUXF8    |  1124 |                 CLB |
| RAMD64E  |   704 |                 CLB |
| RAMB18E2 |   320 |            BLOCKRAM |
| DSP48E2  |   195 |          Arithmetic |
| RAMS32   |   176 |                 CLB |
| INBUF    |    81 |                 I/O |
| IBUFCTRL |    81 |              Others |
| OBUF     |    76 |                 I/O |
| BUFGCE   |    14 |               Clock |
| RAMB36E2 |    12 |            BLOCKRAM |
| FDSE     |    12 |            Register |
+----------+-------+---------------------+


10. Black Boxes
---------------

+----------+------+
| Ref Name | Used |
+----------+------+


11. Instantiated Netlists
-------------------------

+----------+------+
| Ref Name | Used |
+----------+------+


