Copyright 1986-2022 Xilinx, Inc. All Rights Reserved. Copyright 2022-2024 Advanced Micro Devices, Inc. All Rights Reserved.
--------------------------------------------------------------------------------------------------------------------------------------------------
| Tool Version      : Vivado v.2024.2 (win64) Build 5239630 Fri Nov 08 22:35:27 MST 2024
| Date              : Thu Aug 13 18:11:17 2026
| Host              : <REDACTED>
| Command           : <REDACTED>
| Design            : ntt46_fact_lean_ip_unified_axi_lite_core
| Device            : xczu9eg-ffvb1156
| Speed File        : -2  PRODUCTION 1.30 05-15-2022
| Design State      : Physopt postRoute
| Temperature Grade : E
--------------------------------------------------------------------------------------------------------------------------------------------------

Timing Summary Report

------------------------------------------------------------------------------------------------
| Timer Settings
| --------------
------------------------------------------------------------------------------------------------

  Enable Multi Corner Analysis               :  Yes
  Enable Pessimism Removal                   :  Yes
  Pessimism Removal Resolution               :  Nearest Common Node
  Enable Input Delay Default Clock           :  No
  Enable Preset / Clear Arcs                 :  No
  Disable Flight Delays                      :  No
  Ignore I/O Paths                           :  No
  Timing Early Launch at Borrowing Latches   :  No
  Borrow Time for Max Delay Exceptions       :  Yes
  Merge Timing Exceptions                    :  Yes
  Inter-SLR Compensation                     :  Conservative

  Corner  Analyze    Analyze    
  Name    Max Paths  Min Paths  
  ------  ---------  ---------  
  Slow    Yes        Yes        
  Fast    Yes        Yes        


------------------------------------------------------------------------------------------------
| Report Methodology
| ------------------
------------------------------------------------------------------------------------------------

No report available as report_methodology has not been run prior. Run report_methodology on the current design for the summary of methodology violations.



check_timing report

Table of Contents
-----------------
1. checking no_clock (0)
2. checking constant_clock (0)
3. checking pulse_width_clock (0)
4. checking unconstrained_internal_endpoints (0)
5. checking no_input_delay (67)
6. checking no_output_delay (72)
7. checking multiple_clock (0)
8. checking generated_clocks (0)
9. checking loops (0)
10. checking partial_input_delay (0)
11. checking partial_output_delay (0)
12. checking latch_loops (0)

1. checking no_clock (0)
------------------------
 There are 0 register/latch pins with no clock.


2. checking constant_clock (0)
------------------------------
 There are 0 register/latch pins with constant_clock.


3. checking pulse_width_clock (0)
---------------------------------
 There are 0 register/latch pins which need pulse_width check


4. checking unconstrained_internal_endpoints (0)
------------------------------------------------
 There are 0 pins that are not constrained for maximum delay.

 There are 0 pins that are not constrained for maximum delay due to constant clock.


5. checking no_input_delay (67)
-------------------------------
 There are 67 input ports with no input delay specified. (HIGH)

 There are 0 input ports with no input delay but user has a false path constraint.


6. checking no_output_delay (72)
--------------------------------
 There are 72 ports with no output delay specified. (HIGH)

 There are 0 ports with no output delay but user has a false path constraint

 There are 0 ports with no output delay but with a timing clock defined on it or propagating through it


7. checking multiple_clock (0)
------------------------------
 There are 0 register/latch pins with multiple clocks.


8. checking generated_clocks (0)
--------------------------------
 There are 0 generated clocks that are not connected to a clock source.


9. checking loops (0)
---------------------
 There are 0 combinational loops in the design.


10. checking partial_input_delay (0)
------------------------------------
 There are 0 input ports with partial input delay specified.


11. checking partial_output_delay (0)
-------------------------------------
 There are 0 ports with partial output delay specified.


12. checking latch_loops (0)
----------------------------
 There are 0 combinational latch loops in the design through latch input



------------------------------------------------------------------------------------------------
| Design Timing Summary
| ---------------------
------------------------------------------------------------------------------------------------

    WNS(ns)      TNS(ns)  TNS Failing Endpoints  TNS Total Endpoints      WHS(ns)      THS(ns)  THS Failing Endpoints  THS Total Endpoints     WPWS(ns)     TPWS(ns)  TPWS Failing Endpoints  TPWS Total Endpoints  
    -------      -------  ---------------------  -------------------      -------      -------  ---------------------  -------------------     --------     --------  ----------------------  --------------------  
      0.070        0.000                      0               126474        0.011        0.000                      0               126474        1.458        0.000                       0                 58243  


All user specified timing constraints are met.


------------------------------------------------------------------------------------------------
| Clock Summary
| -------------
------------------------------------------------------------------------------------------------

Clock  Waveform(ns)         Period(ns)      Frequency(MHz)
-----  ------------         ----------      --------------
clk    {0.000 2.000}        4.000           250.000         


------------------------------------------------------------------------------------------------
| Intra Clock Table
| -----------------
------------------------------------------------------------------------------------------------

Clock             WNS(ns)      TNS(ns)  TNS Failing Endpoints  TNS Total Endpoints      WHS(ns)      THS(ns)  THS Failing Endpoints  THS Total Endpoints     WPWS(ns)     TPWS(ns)  TPWS Failing Endpoints  TPWS Total Endpoints  
-----             -------      -------  ---------------------  -------------------      -------      -------  ---------------------  -------------------     --------     --------  ----------------------  --------------------  
clk                 0.070        0.000                      0               126474        0.011        0.000                      0               126474        1.458        0.000                       0                 58243  


------------------------------------------------------------------------------------------------
| Inter Clock Table
| -----------------
------------------------------------------------------------------------------------------------

From Clock    To Clock          WNS(ns)      TNS(ns)  TNS Failing Endpoints  TNS Total Endpoints      WHS(ns)      THS(ns)  THS Failing Endpoints  THS Total Endpoints  
----------    --------          -------      -------  ---------------------  -------------------      -------      -------  ---------------------  -------------------  


------------------------------------------------------------------------------------------------
| Other Path Groups Table
| -----------------------
------------------------------------------------------------------------------------------------

Path Group    From Clock    To Clock          WNS(ns)      TNS(ns)  TNS Failing Endpoints  TNS Total Endpoints      WHS(ns)      THS(ns)  THS Failing Endpoints  THS Total Endpoints  
----------    ----------    --------          -------      -------  ---------------------  -------------------      -------      -------  ---------------------  -------------------  


------------------------------------------------------------------------------------------------
| Timing Details
| --------------
------------------------------------------------------------------------------------------------


---------------------------------------------------------------------------------------------------
From Clock:  clk
  To Clock:  clk

Setup :            0  Failing Endpoints,  Worst Slack        0.070ns,  Total Violation        0.000ns
Hold  :            0  Failing Endpoints,  Worst Slack        0.011ns,  Total Violation        0.000ns
PW    :            0  Failing Endpoints,  Worst Slack        1.458ns,  Total Violation        0.000ns
---------------------------------------------------------------------------------------------------


Max Delay Paths
--------------------------------------------------------------------------------------
Slack (MET) :             0.070ns  (required time - arrival time)
  Source:                 g_int4.u_precision_core/u_core/u_prod/u_core/u_core/term_fifo_head_batch_q_reg[0]_rep__3/C
                            (rising edge-triggered cell FDRE clocked by clk  {rise@0.000ns fall@2.000ns period=4.000ns})
  Destination:            g_int4.u_precision_core/u_core/u_prod/u_core/u_core/g_r256_term_untwist.g_lane[3].u_minus_y0_mul/g_base_stage.product_s1_reg/DSP_OUTPUT_INST/ALU_OUT[0]
                            (rising edge-triggered cell DSP_OUTPUT clocked by clk  {rise@0.000ns fall@2.000ns period=4.000ns})
  Path Group:             clk
  Path Type:              Setup (Max at Slow Process Corner)
  Requirement:            4.000ns  (clk rise@4.000ns - clk rise@0.000ns)
  Data Path Delay:        3.835ns  (logic 2.378ns (62.000%)  route 1.457ns (38.000%))
  Logic Levels:           10  (DSP_A_B_DATA=1 DSP_ALU=2 DSP_M_DATA=1 DSP_MULTIPLIER=1 DSP_OUTPUT=1 DSP_PREADD_DATA=1 LUT6=1 MUXF7=1 MUXF8=1)
  Clock Path Skew:        -0.075ns (DCD - SCD + CPR)
    Destination Clock Delay (DCD):    2.549ns = ( 6.549 - 4.000 ) 
    Source Clock Delay      (SCD):    3.061ns
    Clock Pessimism Removal (CPR):    0.437ns
  Clock Uncertainty:      0.035ns  ((TSJ^2 + TIJ^2)^1/2 + DJ) / 2 + PE
    Total System Jitter     (TSJ):    0.071ns
    Total Input Jitter      (TIJ):    0.000ns
    Discrete Jitter          (DJ):    0.000ns
    Phase Error              (PE):    0.000ns
  Clock Net Delay (Source):      2.205ns (routing 0.855ns, distribution 1.350ns)
  Clock Net Delay (Destination): 1.984ns (routing 0.782ns, distribution 1.202ns)

    Location             Delay type                Incr(ns)  Path(ns)    Netlist Resource(s)
  -------------------------------------------------------------------    -------------------
                         (clock clk rise edge)        0.000     0.000 r  
    Y4                                                0.000     0.000 r  clk (IN)
                         net (fo=0)                   0.000     0.000    clk_IBUF_inst/I
    Y4                   INBUF (Prop_INBUF_HPIOB_M_PAD_O)
                                                      0.509     0.509 r  clk_IBUF_inst/INBUF_INST/O
                         net (fo=1, routed)           0.000     0.509    clk_IBUF_inst/OUT
    Y4                   IBUFCTRL (Prop_IBUFCTRL_HPIOB_M_I_O)
                                                      0.000     0.509 r  clk_IBUF_inst/IBUFCTRL_INST/O
                         net (fo=1, routed)           0.319     0.828    clk_IBUF
    BUFGCE_X0Y49         BUFGCE (Prop_BUFCE_BUFGCE_I_O)
                                                      0.028     0.856 r  clk_IBUF_BUFG_inst/O
    X1Y2 (CLOCK_ROOT)    net (fo=58823, routed)       2.205     3.061    g_int4.u_precision_core/u_core/u_prod/u_core/u_core/clk_IBUF_BUFG
    SLICE_X69Y202        FDRE                                         r  g_int4.u_precision_core/u_core/u_prod/u_core/u_core/term_fifo_head_batch_q_reg[0]_rep__3/C
  -------------------------------------------------------------------    -------------------
    SLICE_X69Y202        FDRE (Prop_BFF2_SLICEL_C_Q)
                                                      0.080     3.141 r  g_int4.u_precision_core/u_core/u_prod/u_core/u_core/term_fifo_head_batch_q_reg[0]_rep__3/Q
                         net (fo=126, routed)         0.877     4.019    g_int4.u_precision_core/u_core/u_prod/u_core/u_core/g_r256_term_untwist.g_lane[3].u_minus_y0_mul/g_base_stage.product0_i_18__15_0
    SLICE_X85Y221        LUT6 (Prop_D6LUT_SLICEM_I4_O)
                                                      0.088     4.107 f  g_int4.u_precision_core/u_core/u_prod/u_core/u_core/g_r256_term_untwist.g_lane[3].u_minus_y0_mul/g_base_stage.product0_i_60__1/O
                         net (fo=1, routed)           0.025     4.132    g_int4.u_precision_core/u_core/u_prod/u_core/u_core/g_r256_term_untwist.g_lane[3].u_minus_y0_mul/g_base_stage.product0_i_60__1_n_0
    SLICE_X85Y221        MUXF7 (Prop_F7MUX_CD_SLICEM_I0_O)
                                                      0.062     4.194 f  g_int4.u_precision_core/u_core/u_prod/u_core/u_core/g_r256_term_untwist.g_lane[3].u_minus_y0_mul/g_base_stage.product0_i_22/O
                         net (fo=1, routed)           0.000     4.194    g_int4.u_precision_core/u_core/u_prod/u_core/u_core/g_r256_term_untwist.g_lane[3].u_minus_y0_mul/g_base_stage.product0_i_22_n_0
    SLICE_X85Y221        MUXF8 (Prop_F8MUX_BOT_SLICEM_I0_O)
                                                      0.030     4.224 f  g_int4.u_precision_core/u_core/u_prod/u_core/u_core/g_r256_term_untwist.g_lane[3].u_minus_y0_mul/g_base_stage.product0_i_3__23/O
                         net (fo=1, routed)           0.517     4.741    g_int4.u_precision_core/u_core/u_prod/u_core/u_core/g_r256_term_untwist.g_lane[3].u_minus_y0_mul/g_base_stage.product0/B[14]
    DSP48E2_X15Y87       DSP_A_B_DATA (Prop_DSP_A_B_DATA_DSP48E2_B[14]_B2_DATA[14])
                                                      0.151     4.892 r  g_int4.u_precision_core/u_core/u_prod/u_core/u_core/g_r256_term_untwist.g_lane[3].u_minus_y0_mul/g_base_stage.product0/DSP_A_B_DATA_INST/B2_DATA[14]
                         net (fo=1, routed)           0.000     4.892    g_int4.u_precision_core/u_core/u_prod/u_core/u_core/g_r256_term_untwist.g_lane[3].u_minus_y0_mul/g_base_stage.product0/DSP_A_B_DATA.B2_DATA<14>
    DSP48E2_X15Y87       DSP_PREADD_DATA (Prop_DSP_PREADD_DATA_DSP48E2_B2_DATA[14]_B2B1[14])
                                                      0.073     4.965 r  g_int4.u_precision_core/u_core/u_prod/u_core/u_core/g_r256_term_untwist.g_lane[3].u_minus_y0_mul/g_base_stage.product0/DSP_PREADD_DATA_INST/B2B1[14]
                         net (fo=1, routed)           0.000     4.965    g_int4.u_precision_core/u_core/u_prod/u_core/u_core/g_r256_term_untwist.g_lane[3].u_minus_y0_mul/g_base_stage.product0/DSP_PREADD_DATA.B2B1<14>
    DSP48E2_X15Y87       DSP_MULTIPLIER (Prop_DSP_MULTIPLIER_DSP48E2_B2B1[14]_V[41])
                                                      0.609     5.574 f  g_int4.u_precision_core/u_core/u_prod/u_core/u_core/g_r256_term_untwist.g_lane[3].u_minus_y0_mul/g_base_stage.product0/DSP_MULTIPLIER_INST/V[41]
                         net (fo=1, routed)           0.000     5.574    g_int4.u_precision_core/u_core/u_prod/u_core/u_core/g_r256_term_untwist.g_lane[3].u_minus_y0_mul/g_base_stage.product0/DSP_MULTIPLIER.V<41>
    DSP48E2_X15Y87       DSP_M_DATA (Prop_DSP_M_DATA_DSP48E2_V[41]_V_DATA[41])
                                                      0.046     5.620 r  g_int4.u_precision_core/u_core/u_prod/u_core/u_core/g_r256_term_untwist.g_lane[3].u_minus_y0_mul/g_base_stage.product0/DSP_M_DATA_INST/V_DATA[41]
                         net (fo=1, routed)           0.000     5.620    g_int4.u_precision_core/u_core/u_prod/u_core/u_core/g_r256_term_untwist.g_lane[3].u_minus_y0_mul/g_base_stage.product0/DSP_M_DATA.V_DATA<41>
    DSP48E2_X15Y87       DSP_ALU (Prop_DSP_ALU_DSP48E2_V_DATA[41]_ALU_OUT[47])
                                                      0.571     6.191 f  g_int4.u_precision_core/u_core/u_prod/u_core/u_core/g_r256_term_untwist.g_lane[3].u_minus_y0_mul/g_base_stage.product0/DSP_ALU_INST/ALU_OUT[47]
                         net (fo=1, routed)           0.000     6.191    g_int4.u_precision_core/u_core/u_prod/u_core/u_core/g_r256_term_untwist.g_lane[3].u_minus_y0_mul/g_base_stage.product0/DSP_ALU.ALU_OUT<47>
    DSP48E2_X15Y87       DSP_OUTPUT (Prop_DSP_OUTPUT_DSP48E2_ALU_OUT[47]_PCOUT[47])
                                                      0.122     6.313 r  g_int4.u_precision_core/u_core/u_prod/u_core/u_core/g_r256_term_untwist.g_lane[3].u_minus_y0_mul/g_base_stage.product0/DSP_OUTPUT_INST/PCOUT[47]
                         net (fo=1, routed)           0.038     6.351    g_int4.u_precision_core/u_core/u_prod/u_core/u_core/g_r256_term_untwist.g_lane[3].u_minus_y0_mul/g_base_stage.product_s1_reg/PCIN[47]
    DSP48E2_X15Y88       DSP_ALU (Prop_DSP_ALU_DSP48E2_PCIN[47]_ALU_OUT[0])
                                                      0.546     6.897 r  g_int4.u_precision_core/u_core/u_prod/u_core/u_core/g_r256_term_untwist.g_lane[3].u_minus_y0_mul/g_base_stage.product_s1_reg/DSP_ALU_INST/ALU_OUT[0]
                         net (fo=1, routed)           0.000     6.897    g_int4.u_precision_core/u_core/u_prod/u_core/u_core/g_r256_term_untwist.g_lane[3].u_minus_y0_mul/g_base_stage.product_s1_reg/DSP_ALU.ALU_OUT<0>
    DSP48E2_X15Y88       DSP_OUTPUT                                   r  g_int4.u_precision_core/u_core/u_prod/u_core/u_core/g_r256_term_untwist.g_lane[3].u_minus_y0_mul/g_base_stage.product_s1_reg/DSP_OUTPUT_INST/ALU_OUT[0]
  -------------------------------------------------------------------    -------------------

                         (clock clk rise edge)        4.000     4.000 r  
    Y4                                                0.000     4.000 r  clk (IN)
                         net (fo=0)                   0.000     4.000    clk_IBUF_inst/I
    Y4                   INBUF (Prop_INBUF_HPIOB_M_PAD_O)
                                                      0.259     4.259 r  clk_IBUF_inst/INBUF_INST/O
                         net (fo=1, routed)           0.000     4.259    clk_IBUF_inst/OUT
    Y4                   IBUFCTRL (Prop_IBUFCTRL_HPIOB_M_I_O)
                                                      0.000     4.259 r  clk_IBUF_inst/IBUFCTRL_INST/O
                         net (fo=1, routed)           0.282     4.541    clk_IBUF
    BUFGCE_X0Y49         BUFGCE (Prop_BUFCE_BUFGCE_I_O)
                                                      0.024     4.565 r  clk_IBUF_BUFG_inst/O
    X1Y2 (CLOCK_ROOT)    net (fo=58823, routed)       1.984     6.549    g_int4.u_precision_core/u_core/u_prod/u_core/u_core/g_r256_term_untwist.g_lane[3].u_minus_y0_mul/g_base_stage.product_s1_reg/CLK
    DSP48E2_X15Y88       DSP_OUTPUT                                   r  g_int4.u_precision_core/u_core/u_prod/u_core/u_core/g_r256_term_untwist.g_lane[3].u_minus_y0_mul/g_base_stage.product_s1_reg/DSP_OUTPUT_INST/CLK
                         clock pessimism              0.437     6.987    
                         clock uncertainty           -0.035     6.951    
    DSP48E2_X15Y88       DSP_OUTPUT (Setup_DSP_OUTPUT_DSP48E2_CLK_ALU_OUT[0])
                                                      0.015     6.966    g_int4.u_precision_core/u_core/u_prod/u_core/u_core/g_r256_term_untwist.g_lane[3].u_minus_y0_mul/g_base_stage.product_s1_reg/DSP_OUTPUT_INST
  -------------------------------------------------------------------
                         required time                          6.966    
                         arrival time                          -6.897    
  -------------------------------------------------------------------
                         slack                                  0.070    





Min Delay Paths
--------------------------------------------------------------------------------------
Slack (MET) :             0.011ns  (arrival time - required time)
  Source:                 g_int4.u_precision_core/u_core/u_prod/u_core/u_core/u_minus_step/g_unified_lane.u_lane_group/g_lane[1].g_lane_n.u_lane/side_w1_q_reg[1][10]/C
                            (rising edge-triggered cell FDRE clocked by clk  {rise@0.000ns fall@2.000ns period=4.000ns})
  Destination:            g_int4.u_precision_core/u_core/u_prod/u_core/u_core/u_minus_step/g_unified_lane.u_lane_group/g_lane[1].g_lane_n.u_lane/side_w1_q_reg[2][10]/D
                            (rising edge-triggered cell FDRE clocked by clk  {rise@0.000ns fall@2.000ns period=4.000ns})
  Path Group:             clk
  Path Type:              Hold (Min at Slow Process Corner)
  Requirement:            0.000ns  (clk rise@0.000ns - clk rise@0.000ns)
  Data Path Delay:        0.235ns  (logic 0.058ns (24.681%)  route 0.177ns (75.319%))
  Logic Levels:           0  
  Clock Path Skew:        0.162ns (DCD - SCD - CPR)
    Destination Clock Delay (DCD):    3.171ns
    Source Clock Delay      (SCD):    2.564ns
    Clock Pessimism Removal (CPR):    0.445ns
  Clock Net Delay (Source):      1.999ns (routing 0.782ns, distribution 1.217ns)
  Clock Net Delay (Destination): 2.315ns (routing 0.855ns, distribution 1.460ns)

    Location             Delay type                Incr(ns)  Path(ns)    Netlist Resource(s)
  -------------------------------------------------------------------    -------------------
                         (clock clk rise edge)        0.000     0.000 r  
    Y4                                                0.000     0.000 r  clk (IN)
                         net (fo=0)                   0.000     0.000    clk_IBUF_inst/I
    Y4                   INBUF (Prop_INBUF_HPIOB_M_PAD_O)
                                                      0.259     0.259 r  clk_IBUF_inst/INBUF_INST/O
                         net (fo=1, routed)           0.000     0.259    clk_IBUF_inst/OUT
    Y4                   IBUFCTRL (Prop_IBUFCTRL_HPIOB_M_I_O)
                                                      0.000     0.259 r  clk_IBUF_inst/IBUFCTRL_INST/O
                         net (fo=1, routed)           0.282     0.541    clk_IBUF
    BUFGCE_X0Y49         BUFGCE (Prop_BUFCE_BUFGCE_I_O)
                                                      0.024     0.565 r  clk_IBUF_BUFG_inst/O
    X1Y2 (CLOCK_ROOT)    net (fo=58823, routed)       1.999     2.564    g_int4.u_precision_core/u_core/u_prod/u_core/u_core/u_minus_step/g_unified_lane.u_lane_group/g_lane[1].g_lane_n.u_lane/clk_IBUF_BUFG
    SLICE_X75Y247        FDRE                                         r  g_int4.u_precision_core/u_core/u_prod/u_core/u_core/u_minus_step/g_unified_lane.u_lane_group/g_lane[1].g_lane_n.u_lane/side_w1_q_reg[1][10]/C
  -------------------------------------------------------------------    -------------------
    SLICE_X75Y247        FDRE (Prop_HFF_SLICEL_C_Q)
                                                      0.058     2.622 r  g_int4.u_precision_core/u_core/u_prod/u_core/u_core/u_minus_step/g_unified_lane.u_lane_group/g_lane[1].g_lane_n.u_lane/side_w1_q_reg[1][10]/Q
                         net (fo=1, routed)           0.177     2.799    g_int4.u_precision_core/u_core/u_prod/u_core/u_core/u_minus_step/g_unified_lane.u_lane_group/g_lane[1].g_lane_n.u_lane/side_w1_q_reg[1]_426[10]
    SLICE_X78Y244        FDRE                                         r  g_int4.u_precision_core/u_core/u_prod/u_core/u_core/u_minus_step/g_unified_lane.u_lane_group/g_lane[1].g_lane_n.u_lane/side_w1_q_reg[2][10]/D
  -------------------------------------------------------------------    -------------------

                         (clock clk rise edge)        0.000     0.000 r  
    Y4                                                0.000     0.000 r  clk (IN)
                         net (fo=0)                   0.000     0.000    clk_IBUF_inst/I
    Y4                   INBUF (Prop_INBUF_HPIOB_M_PAD_O)
                                                      0.509     0.509 r  clk_IBUF_inst/INBUF_INST/O
                         net (fo=1, routed)           0.000     0.509    clk_IBUF_inst/OUT
    Y4                   IBUFCTRL (Prop_IBUFCTRL_HPIOB_M_I_O)
                                                      0.000     0.509 r  clk_IBUF_inst/IBUFCTRL_INST/O
                         net (fo=1, routed)           0.319     0.828    clk_IBUF
    BUFGCE_X0Y49         BUFGCE (Prop_BUFCE_BUFGCE_I_O)
                                                      0.028     0.856 r  clk_IBUF_BUFG_inst/O
    X1Y2 (CLOCK_ROOT)    net (fo=58823, routed)       2.315     3.171    g_int4.u_precision_core/u_core/u_prod/u_core/u_core/u_minus_step/g_unified_lane.u_lane_group/g_lane[1].g_lane_n.u_lane/clk_IBUF_BUFG
    SLICE_X78Y244        FDRE                                         r  g_int4.u_precision_core/u_core/u_prod/u_core/u_core/u_minus_step/g_unified_lane.u_lane_group/g_lane[1].g_lane_n.u_lane/side_w1_q_reg[2][10]/C
                         clock pessimism             -0.445     2.727    
    SLICE_X78Y244        FDRE (Hold_EFF2_SLICEL_C_D)
                                                      0.062     2.789    g_int4.u_precision_core/u_core/u_prod/u_core/u_core/u_minus_step/g_unified_lane.u_lane_group/g_lane[1].g_lane_n.u_lane/side_w1_q_reg[2][10]
  -------------------------------------------------------------------
                         required time                         -2.789    
                         arrival time                           2.799    
  -------------------------------------------------------------------
                         slack                                  0.011    





Pulse Width Checks
--------------------------------------------------------------------------------------
Clock Name:         clk
Waveform(ns):       { 0.000 2.000 }
Period(ns):         4.000
Sources:            { clk }

Check Type        Corner  Lib Pin             Reference Pin  Required(ns)  Actual(ns)  Slack(ns)  Location      Pin
Min Period        n/a     RAMB18E2/CLKARDCLK  n/a            1.569         4.000       2.431      RAMB18_X7Y16  g_int4.u_precision_core/u_core/u_h_stage0_even/g_word_slots.g_bank[0].g_block.mem_reg_0/CLKARDCLK
Low Pulse Width   Slow    RAMB18E2/CLKARDCLK  n/a            0.542         2.000       1.458      RAMB18_X7Y16  g_int4.u_precision_core/u_core/u_h_stage0_even/g_word_slots.g_bank[0].g_block.mem_reg_0/CLKARDCLK
High Pulse Width  Slow    RAMB18E2/CLKARDCLK  n/a            0.542         2.000       1.458      RAMB18_X7Y16  g_int4.u_precision_core/u_core/u_h_stage0_even/g_word_slots.g_bank[0].g_block.mem_reg_0/CLKARDCLK



