Copyright 1986-2022 Xilinx, Inc. All Rights Reserved. Copyright 2022-2024 Advanced Micro Devices, Inc. All Rights Reserved.
--------------------------------------------------------------------------------------------------------------------------------------------------
| Tool Version      : Vivado v.2024.2 (win64) Build 5239630 Fri Nov 08 22:35:27 MST 2024
| Date              : Thu Aug 13 21:31:38 2026
| Host              : <REDACTED>
| Command           : <REDACTED>
| Design            : ntt46_fact_lean_ip_unified_axi_lite_core
| Device            : xczu9eg-ffvb1156
| Speed File        : -2  PRODUCTION 1.30 05-15-2022
| Design State      : Physopt postRoute
| Temperature Grade : E
--------------------------------------------------------------------------------------------------------------------------------------------------

Timing Summary Report

------------------------------------------------------------------------------------------------
| Timer Settings
| --------------
------------------------------------------------------------------------------------------------

  Enable Multi Corner Analysis               :  Yes
  Enable Pessimism Removal                   :  Yes
  Pessimism Removal Resolution               :  Nearest Common Node
  Enable Input Delay Default Clock           :  No
  Enable Preset / Clear Arcs                 :  No
  Disable Flight Delays                      :  No
  Ignore I/O Paths                           :  No
  Timing Early Launch at Borrowing Latches   :  No
  Borrow Time for Max Delay Exceptions       :  Yes
  Merge Timing Exceptions                    :  Yes
  Inter-SLR Compensation                     :  Conservative

  Corner  Analyze    Analyze    
  Name    Max Paths  Min Paths  
  ------  ---------  ---------  
  Slow    Yes        Yes        
  Fast    Yes        Yes        


------------------------------------------------------------------------------------------------
| Report Methodology
| ------------------
------------------------------------------------------------------------------------------------

No report available as report_methodology has not been run prior. Run report_methodology on the current design for the summary of methodology violations.



check_timing report

Table of Contents
-----------------
1. checking no_clock (0)
2. checking constant_clock (0)
3. checking pulse_width_clock (0)
4. checking unconstrained_internal_endpoints (0)
5. checking no_input_delay (67)
6. checking no_output_delay (72)
7. checking multiple_clock (0)
8. checking generated_clocks (0)
9. checking loops (0)
10. checking partial_input_delay (0)
11. checking partial_output_delay (0)
12. checking latch_loops (0)

1. checking no_clock (0)
------------------------
 There are 0 register/latch pins with no clock.


2. checking constant_clock (0)
------------------------------
 There are 0 register/latch pins with constant_clock.


3. checking pulse_width_clock (0)
---------------------------------
 There are 0 register/latch pins which need pulse_width check


4. checking unconstrained_internal_endpoints (0)
------------------------------------------------
 There are 0 pins that are not constrained for maximum delay.

 There are 0 pins that are not constrained for maximum delay due to constant clock.


5. checking no_input_delay (67)
-------------------------------
 There are 67 input ports with no input delay specified. (HIGH)

 There are 0 input ports with no input delay but user has a false path constraint.


6. checking no_output_delay (72)
--------------------------------
 There are 72 ports with no output delay specified. (HIGH)

 There are 0 ports with no output delay but user has a false path constraint

 There are 0 ports with no output delay but with a timing clock defined on it or propagating through it


7. checking multiple_clock (0)
------------------------------
 There are 0 register/latch pins with multiple clocks.


8. checking generated_clocks (0)
--------------------------------
 There are 0 generated clocks that are not connected to a clock source.


9. checking loops (0)
---------------------
 There are 0 combinational loops in the design.


10. checking partial_input_delay (0)
------------------------------------
 There are 0 input ports with partial input delay specified.


11. checking partial_output_delay (0)
-------------------------------------
 There are 0 ports with partial output delay specified.


12. checking latch_loops (0)
----------------------------
 There are 0 combinational latch loops in the design through latch input



------------------------------------------------------------------------------------------------
| Design Timing Summary
| ---------------------
------------------------------------------------------------------------------------------------

    WNS(ns)      TNS(ns)  TNS Failing Endpoints  TNS Total Endpoints      WHS(ns)      THS(ns)  THS Failing Endpoints  THS Total Endpoints     WPWS(ns)     TPWS(ns)  TPWS Failing Endpoints  TPWS Total Endpoints  
    -------      -------  ---------------------  -------------------      -------      -------  ---------------------  -------------------     --------     --------  ----------------------  --------------------  
      0.110        0.000                      0               242475        0.010        0.000                      0               242475        1.833        0.000                       0                112456  


All user specified timing constraints are met.


------------------------------------------------------------------------------------------------
| Clock Summary
| -------------
------------------------------------------------------------------------------------------------

Clock  Waveform(ns)         Period(ns)      Frequency(MHz)
-----  ------------         ----------      --------------
clk    {0.000 2.375}        4.750           210.526         


------------------------------------------------------------------------------------------------
| Intra Clock Table
| -----------------
------------------------------------------------------------------------------------------------

Clock             WNS(ns)      TNS(ns)  TNS Failing Endpoints  TNS Total Endpoints      WHS(ns)      THS(ns)  THS Failing Endpoints  THS Total Endpoints     WPWS(ns)     TPWS(ns)  TPWS Failing Endpoints  TPWS Total Endpoints  
-----             -------      -------  ---------------------  -------------------      -------      -------  ---------------------  -------------------     --------     --------  ----------------------  --------------------  
clk                 0.110        0.000                      0               242475        0.010        0.000                      0               242475        1.833        0.000                       0                112456  


------------------------------------------------------------------------------------------------
| Inter Clock Table
| -----------------
------------------------------------------------------------------------------------------------

From Clock    To Clock          WNS(ns)      TNS(ns)  TNS Failing Endpoints  TNS Total Endpoints      WHS(ns)      THS(ns)  THS Failing Endpoints  THS Total Endpoints  
----------    --------          -------      -------  ---------------------  -------------------      -------      -------  ---------------------  -------------------  


------------------------------------------------------------------------------------------------
| Other Path Groups Table
| -----------------------
------------------------------------------------------------------------------------------------

Path Group    From Clock    To Clock          WNS(ns)      TNS(ns)  TNS Failing Endpoints  TNS Total Endpoints      WHS(ns)      THS(ns)  THS Failing Endpoints  THS Total Endpoints  
----------    ----------    --------          -------      -------  ---------------------  -------------------      -------      -------  ---------------------  -------------------  


------------------------------------------------------------------------------------------------
| Timing Details
| --------------
------------------------------------------------------------------------------------------------


---------------------------------------------------------------------------------------------------
From Clock:  clk
  To Clock:  clk

Setup :            0  Failing Endpoints,  Worst Slack        0.110ns,  Total Violation        0.000ns
Hold  :            0  Failing Endpoints,  Worst Slack        0.010ns,  Total Violation        0.000ns
PW    :            0  Failing Endpoints,  Worst Slack        1.833ns,  Total Violation        0.000ns
---------------------------------------------------------------------------------------------------


Max Delay Paths
--------------------------------------------------------------------------------------
Slack (MET) :             0.110ns  (required time - arrival time)
  Source:                 g_int8.u_precision_core/u_core/u_p1/u_prod/u_core/u_core/term_fifo_head_batch_q_reg[2]_rep/C
                            (rising edge-triggered cell FDRE clocked by clk  {rise@0.000ns fall@2.375ns period=4.750ns})
  Destination:            g_int8.u_precision_core/u_core/u_p1/u_prod/u_core/u_core/g_r256_term_untwist.term_plus_y0_pipe_q_reg[0][0][7]/D
                            (rising edge-triggered cell FDRE clocked by clk  {rise@0.000ns fall@2.375ns period=4.750ns})
  Path Group:             clk
  Path Type:              Setup (Max at Slow Process Corner)
  Requirement:            4.750ns  (clk rise@4.750ns - clk rise@0.000ns)
  Data Path Delay:        4.428ns  (logic 0.176ns (3.975%)  route 4.252ns (96.025%))
  Logic Levels:           2  (MUXF7=1 MUXF8=1)
  Clock Path Skew:        -0.202ns (DCD - SCD + CPR)
    Destination Clock Delay (DCD):    2.558ns = ( 7.308 - 4.750 ) 
    Source Clock Delay      (SCD):    3.146ns
    Clock Pessimism Removal (CPR):    0.386ns
  Clock Uncertainty:      0.035ns  ((TSJ^2 + TIJ^2)^1/2 + DJ) / 2 + PE
    Total System Jitter     (TSJ):    0.071ns
    Total Input Jitter      (TIJ):    0.000ns
    Discrete Jitter          (DJ):    0.000ns
    Phase Error              (PE):    0.000ns
  Clock Net Delay (Source):      2.303ns (routing 1.076ns, distribution 1.227ns)
  Clock Net Delay (Destination): 2.006ns (routing 0.981ns, distribution 1.025ns)

    Location             Delay type                Incr(ns)  Path(ns)    Netlist Resource(s)
  -------------------------------------------------------------------    -------------------
                         (clock clk rise edge)        0.000     0.000 r  
    Y5                                                0.000     0.000 r  clk (IN)
                         net (fo=0)                   0.000     0.000    clk_IBUF_inst/I
    Y5                   INBUF (Prop_INBUF_HPIOB_M_PAD_O)
                                                      0.496     0.496 r  clk_IBUF_inst/INBUF_INST/O
                         net (fo=1, routed)           0.000     0.496    clk_IBUF_inst/OUT
    Y5                   IBUFCTRL (Prop_IBUFCTRL_HPIOB_M_I_O)
                                                      0.000     0.496 r  clk_IBUF_inst/IBUFCTRL_INST/O
                         net (fo=1, routed)           0.319     0.815    clk_IBUF
    BUFGCE_X0Y48         BUFGCE (Prop_BUFCE_BUFGCE_I_O)
                                                      0.028     0.843 r  clk_IBUF_BUFG_inst/O
    X1Y3 (CLOCK_ROOT)    net (fo=113521, routed)      2.303     3.146    g_int8.u_precision_core/u_core/u_p1/u_prod/u_core/u_core/clk_IBUF_BUFG
    SLICE_X40Y258        FDRE                                         r  g_int8.u_precision_core/u_core/u_p1/u_prod/u_core/u_core/term_fifo_head_batch_q_reg[2]_rep/C
  -------------------------------------------------------------------    -------------------
    SLICE_X40Y258        FDRE (Prop_HFF2_SLICEM_C_Q)
                                                      0.078     3.224 r  g_int8.u_precision_core/u_core/u_p1/u_prod/u_core/u_core/term_fifo_head_batch_q_reg[2]_rep/Q
                         net (fo=609, routed)         4.212     7.435    g_int8.u_precision_core/u_core/u_p1/u_prod/u_core/u_core/term_fifo_head_batch_q_reg[2]_rep_n_0
    SLICE_X34Y218        MUXF7 (Prop_F7MUX_EF_SLICEM_S_O)
                                                      0.070     7.505 r  g_int8.u_precision_core/u_core/u_p1/u_prod/u_core/u_core/g_r256_term_untwist.term_plus_y0_pipe_q_reg[0][0][7]_i_3/O
                         net (fo=1, routed)           0.000     7.505    g_int8.u_precision_core/u_core/u_p1/u_prod/u_core/u_core/g_r256_term_untwist.term_plus_y0_pipe_q_reg[0][0][7]_i_3_n_0
    SLICE_X34Y218        MUXF8 (Prop_F8MUX_TOP_SLICEM_I1_O)
                                                      0.028     7.533 r  g_int8.u_precision_core/u_core/u_p1/u_prod/u_core/u_core/g_r256_term_untwist.term_plus_y0_pipe_q_reg[0][0][7]_i_1/O
                         net (fo=1, routed)           0.040     7.573    g_int8.u_precision_core/u_core/u_p1/u_prod/u_core/u_core/term_fifo_plus_y0_q[7]
    SLICE_X34Y218        FDRE                                         r  g_int8.u_precision_core/u_core/u_p1/u_prod/u_core/u_core/g_r256_term_untwist.term_plus_y0_pipe_q_reg[0][0][7]/D
  -------------------------------------------------------------------    -------------------

                         (clock clk rise edge)        4.750     4.750 r  
    Y5                                                0.000     4.750 r  clk (IN)
                         net (fo=0)                   0.000     4.750    clk_IBUF_inst/I
    Y5                   INBUF (Prop_INBUF_HPIOB_M_PAD_O)
                                                      0.246     4.996 r  clk_IBUF_inst/INBUF_INST/O
                         net (fo=1, routed)           0.000     4.996    clk_IBUF_inst/OUT
    Y5                   IBUFCTRL (Prop_IBUFCTRL_HPIOB_M_I_O)
                                                      0.000     4.996 r  clk_IBUF_inst/IBUFCTRL_INST/O
                         net (fo=1, routed)           0.282     5.278    clk_IBUF
    BUFGCE_X0Y48         BUFGCE (Prop_BUFCE_BUFGCE_I_O)
                                                      0.024     5.302 r  clk_IBUF_BUFG_inst/O
    X1Y3 (CLOCK_ROOT)    net (fo=113521, routed)      2.006     7.308    g_int8.u_precision_core/u_core/u_p1/u_prod/u_core/u_core/clk_IBUF_BUFG
    SLICE_X34Y218        FDRE                                         r  g_int8.u_precision_core/u_core/u_p1/u_prod/u_core/u_core/g_r256_term_untwist.term_plus_y0_pipe_q_reg[0][0][7]/C
                         clock pessimism              0.386     7.694    
                         clock uncertainty           -0.035     7.658    
    SLICE_X34Y218        FDRE (Setup_GFF_SLICEM_C_D)
                                                      0.025     7.683    g_int8.u_precision_core/u_core/u_p1/u_prod/u_core/u_core/g_r256_term_untwist.term_plus_y0_pipe_q_reg[0][0][7]
  -------------------------------------------------------------------
                         required time                          7.683    
                         arrival time                          -7.573    
  -------------------------------------------------------------------
                         slack                                  0.110    





Min Delay Paths
--------------------------------------------------------------------------------------
Slack (MET) :             0.010ns  (arrival time - required time)
  Source:                 g_int8.u_precision_core/u_core/u_p1/u_prod/u_core/u_core/u_plus_step/g_unified_lane.u_lane_group/g_lane[6].g_lane_n.u_lane/side_w2_q_reg[2][4]/C
                            (rising edge-triggered cell FDRE clocked by clk  {rise@0.000ns fall@2.375ns period=4.750ns})
  Destination:            g_int8.u_precision_core/u_core/u_p1/u_prod/u_core/u_core/u_plus_step/g_unified_lane.u_lane_group/g_lane[6].g_lane_n.u_lane/fwd_w2_launch_q_reg[4]/D
                            (rising edge-triggered cell FDRE clocked by clk  {rise@0.000ns fall@2.375ns period=4.750ns})
  Path Group:             clk
  Path Type:              Hold (Min at Slow Process Corner)
  Requirement:            0.000ns  (clk rise@0.000ns - clk rise@0.000ns)
  Data Path Delay:        0.160ns  (logic 0.058ns (36.250%)  route 0.102ns (63.750%))
  Logic Levels:           0  
  Clock Path Skew:        0.090ns (DCD - SCD - CPR)
    Destination Clock Delay (DCD):    3.214ns
    Source Clock Delay      (SCD):    2.664ns
    Clock Pessimism Removal (CPR):    0.460ns
  Clock Net Delay (Source):      2.112ns (routing 0.981ns, distribution 1.131ns)
  Clock Net Delay (Destination): 2.371ns (routing 1.076ns, distribution 1.295ns)

    Location             Delay type                Incr(ns)  Path(ns)    Netlist Resource(s)
  -------------------------------------------------------------------    -------------------
                         (clock clk rise edge)        0.000     0.000 r  
    Y5                                                0.000     0.000 r  clk (IN)
                         net (fo=0)                   0.000     0.000    clk_IBUF_inst/I
    Y5                   INBUF (Prop_INBUF_HPIOB_M_PAD_O)
                                                      0.246     0.246 r  clk_IBUF_inst/INBUF_INST/O
                         net (fo=1, routed)           0.000     0.246    clk_IBUF_inst/OUT
    Y5                   IBUFCTRL (Prop_IBUFCTRL_HPIOB_M_I_O)
                                                      0.000     0.246 r  clk_IBUF_inst/IBUFCTRL_INST/O
                         net (fo=1, routed)           0.282     0.528    clk_IBUF
    BUFGCE_X0Y48         BUFGCE (Prop_BUFCE_BUFGCE_I_O)
                                                      0.024     0.552 r  clk_IBUF_BUFG_inst/O
    X1Y3 (CLOCK_ROOT)    net (fo=113521, routed)      2.112     2.664    g_int8.u_precision_core/u_core/u_p1/u_prod/u_core/u_core/u_plus_step/g_unified_lane.u_lane_group/g_lane[6].g_lane_n.u_lane/clk_IBUF_BUFG
    SLICE_X66Y153        FDRE                                         r  g_int8.u_precision_core/u_core/u_p1/u_prod/u_core/u_core/u_plus_step/g_unified_lane.u_lane_group/g_lane[6].g_lane_n.u_lane/side_w2_q_reg[2][4]/C
  -------------------------------------------------------------------    -------------------
    SLICE_X66Y153        FDRE (Prop_FFF_SLICEL_C_Q)
                                                      0.058     2.722 r  g_int8.u_precision_core/u_core/u_p1/u_prod/u_core/u_core/u_plus_step/g_unified_lane.u_lane_group/g_lane[6].g_lane_n.u_lane/side_w2_q_reg[2][4]/Q
                         net (fo=1, routed)           0.102     2.824    g_int8.u_precision_core/u_core/u_p1/u_prod/u_core/u_core/u_plus_step/g_unified_lane.u_lane_group/g_lane[6].g_lane_n.u_lane/side_w2_q_reg[2]_300[4]
    SLICE_X65Y153        FDRE                                         r  g_int8.u_precision_core/u_core/u_p1/u_prod/u_core/u_core/u_plus_step/g_unified_lane.u_lane_group/g_lane[6].g_lane_n.u_lane/fwd_w2_launch_q_reg[4]/D
  -------------------------------------------------------------------    -------------------

                         (clock clk rise edge)        0.000     0.000 r  
    Y5                                                0.000     0.000 r  clk (IN)
                         net (fo=0)                   0.000     0.000    clk_IBUF_inst/I
    Y5                   INBUF (Prop_INBUF_HPIOB_M_PAD_O)
                                                      0.496     0.496 r  clk_IBUF_inst/INBUF_INST/O
                         net (fo=1, routed)           0.000     0.496    clk_IBUF_inst/OUT
    Y5                   IBUFCTRL (Prop_IBUFCTRL_HPIOB_M_I_O)
                                                      0.000     0.496 r  clk_IBUF_inst/IBUFCTRL_INST/O
                         net (fo=1, routed)           0.319     0.815    clk_IBUF
    BUFGCE_X0Y48         BUFGCE (Prop_BUFCE_BUFGCE_I_O)
                                                      0.028     0.843 r  clk_IBUF_BUFG_inst/O
    X1Y3 (CLOCK_ROOT)    net (fo=113521, routed)      2.371     3.214    g_int8.u_precision_core/u_core/u_p1/u_prod/u_core/u_core/u_plus_step/g_unified_lane.u_lane_group/g_lane[6].g_lane_n.u_lane/clk_IBUF_BUFG
    SLICE_X65Y153        FDRE                                         r  g_int8.u_precision_core/u_core/u_p1/u_prod/u_core/u_core/u_plus_step/g_unified_lane.u_lane_group/g_lane[6].g_lane_n.u_lane/fwd_w2_launch_q_reg[4]/C
                         clock pessimism             -0.460     2.753    
    SLICE_X65Y153        FDRE (Hold_HFF_SLICEL_C_D)
                                                      0.060     2.813    g_int8.u_precision_core/u_core/u_p1/u_prod/u_core/u_core/u_plus_step/g_unified_lane.u_lane_group/g_lane[6].g_lane_n.u_lane/fwd_w2_launch_q_reg[4]
  -------------------------------------------------------------------
                         required time                         -2.813    
                         arrival time                           2.824    
  -------------------------------------------------------------------
                         slack                                  0.010    





Pulse Width Checks
--------------------------------------------------------------------------------------
Clock Name:         clk
Waveform(ns):       { 0.000 2.375 }
Period(ns):         4.750
Sources:            { clk }

Check Type        Corner  Lib Pin             Reference Pin  Required(ns)  Actual(ns)  Slack(ns)  Location      Pin
Min Period        n/a     RAMB18E2/CLKARDCLK  n/a            1.569         4.750       3.181      RAMB18_X6Y84  g_int8.u_precision_core/u_core/u_p1/u_h_stage0_even/g_word_slots.g_bank[0].g_block.mem_reg_0/CLKARDCLK
Low Pulse Width   Slow    RAMB18E2/CLKARDCLK  n/a            0.542         2.375       1.833      RAMB18_X6Y84  g_int8.u_precision_core/u_core/u_p1/u_h_stage0_even/g_word_slots.g_bank[0].g_block.mem_reg_0/CLKARDCLK
High Pulse Width  Slow    RAMB18E2/CLKARDCLK  n/a            0.542         2.375       1.833      RAMB18_X6Y84  g_int8.u_precision_core/u_core/u_p1/u_h_stage0_even/g_word_slots.g_bank[0].g_block.mem_reg_0/CLKARDCLK



