Copyright 1986-2022 Xilinx, Inc. All Rights Reserved. Copyright 2022-2024 Advanced Micro Devices, Inc. All Rights Reserved.
---------------------------------------------------------------------------------------------------------------------------------------------
| Tool Version : Vivado v.2024.2 (win64) Build 5239630 Fri Nov 08 22:35:27 MST 2024
| Date         : Thu Aug 13 21:31:41 2026
| Host              : <REDACTED>
| Command           : <REDACTED>
| Design       : ntt46_fact_lean_ip_unified_axi_lite_core
| Device       : xczu9eg-ffvb1156-2-e
| Speed File   : -2
| Design State : Physopt postRoute
---------------------------------------------------------------------------------------------------------------------------------------------

Utilization Design Information

Table of Contents
-----------------
1. CLB Logic
1.1 Summary of Registers by Type
2. CLB Logic Distribution
3. BLOCKRAM
4. ARITHMETIC
5. I/O
6. CLOCK
7. ADVANCED
8. CONFIGURATION
9. Primitives
10. Black Boxes
11. Instantiated Netlists

1. CLB Logic
------------

+----------------------------+--------+-------+------------+-----------+-------+
|          Site Type         |  Used  | Fixed | Prohibited | Available | Util% |
+----------------------------+--------+-------+------------+-----------+-------+
| CLB LUTs                   | 109243 |     0 |          0 |    274080 | 39.86 |
|   LUT as Logic             | 106457 |     0 |          0 |    274080 | 38.84 |
|   LUT as Memory            |   2786 |     0 |          0 |    144000 |  1.93 |
|     LUT as Distributed RAM |   2744 |     0 |            |           |       |
|     LUT as Shift Register  |     42 |     0 |            |           |       |
| CLB Registers              | 107248 |     0 |          0 |    548160 | 19.57 |
|   Register as Flip Flop    | 107248 |     0 |          0 |    548160 | 19.57 |
|   Register as Latch        |      0 |     0 |          0 |    548160 |  0.00 |
| CARRY8                     |   6350 |     0 |          0 |     34260 | 18.53 |
| F7 Muxes                   |   4417 |     0 |          0 |    137040 |  3.22 |
| F8 Muxes                   |   2017 |     0 |          0 |     68520 |  2.94 |
| F9 Muxes                   |      0 |     0 |          0 |     34260 |  0.00 |
+----------------------------+--------+-------+------------+-----------+-------+
* Warning! LUT value is adjusted to account for LUT combining.


1.1 Summary of Registers by Type
--------------------------------

+--------+--------------+-------------+--------------+
|  Total | Clock Enable | Synchronous | Asynchronous |
+--------+--------------+-------------+--------------+
| 0      |            _ |           - |            - |
| 0      |            _ |           - |          Set |
| 0      |            _ |           - |        Reset |
| 0      |            _ |         Set |            - |
| 0      |            _ |       Reset |            - |
| 0      |          Yes |           - |            - |
| 0      |          Yes |           - |          Set |
| 0      |          Yes |           - |        Reset |
| 15     |          Yes |         Set |            - |
| 107233 |          Yes |       Reset |            - |
+--------+--------------+-------------+--------------+


2. CLB Logic Distribution
-------------------------

+--------------------------------------------+--------+-------+------------+-----------+-------+
|                  Site Type                 |  Used  | Fixed | Prohibited | Available | Util% |
+--------------------------------------------+--------+-------+------------+-----------+-------+
| CLB                                        |  20809 |     0 |          0 |     34260 | 60.74 |
|   CLBL                                     |   9775 |     0 |            |           |       |
|   CLBM                                     |  11034 |     0 |            |           |       |
| LUT as Logic                               | 106457 |     0 |          0 |    274080 | 38.84 |
|   using O5 output only                     |    415 |       |            |           |       |
|   using O6 output only                     |  80929 |       |            |           |       |
|   using O5 and O6                          |  25113 |       |            |           |       |
| LUT as Memory                              |   2786 |     0 |          0 |    144000 |  1.93 |
|   LUT as Distributed RAM                   |   2744 |     0 |            |           |       |
|     using O5 output only                   |      0 |       |            |           |       |
|     using O6 output only                   |   1376 |       |            |           |       |
|     using O5 and O6                        |   1368 |       |            |           |       |
|   LUT as Shift Register                    |     42 |     0 |            |           |       |
|     using O5 output only                   |      0 |       |            |           |       |
|     using O6 output only                   |     31 |       |            |           |       |
|     using O5 and O6                        |     11 |       |            |           |       |
| CLB Registers                              | 107248 |     0 |          0 |    548160 | 19.57 |
|   Register driven from within the CLB      |  43514 |       |            |           |       |
|   Register driven from outside the CLB     |  63734 |       |            |           |       |
|     LUT in front of the register is unused |  31172 |       |            |           |       |
|     LUT in front of the register is used   |  32562 |       |            |           |       |
| Unique Control Sets                        |    398 |       |          0 |     68520 |  0.58 |
+--------------------------------------------+--------+-------+------------+-----------+-------+
* * Note: Available Control Sets calculated as Slices * 2, Review the Control Sets Report for more information regarding control sets.


3. BLOCKRAM
-----------

+-------------------+------+-------+------------+-----------+-------+
|     Site Type     | Used | Fixed | Prohibited | Available | Util% |
+-------------------+------+-------+------------+-----------+-------+
| Block RAM Tile    |  263 |     0 |          0 |       912 | 28.84 |
|   RAMB36/FIFO*    |  102 |     0 |          0 |       912 | 11.18 |
|     RAMB36E2 only |  102 |       |            |           |       |
|   RAMB18          |  322 |     0 |          0 |      1824 | 17.65 |
|     RAMB18E2 only |  322 |       |            |           |       |
+-------------------+------+-------+------------+-----------+-------+
* Note: Each Block RAM Tile only has one FIFO logic available and therefore can accommodate only one FIFO36E2 or one FIFO18E2. However, if a FIFO18E2 occupies a Block RAM Tile, that tile can still accommodate a RAMB18E2


4. ARITHMETIC
-------------

+----------------+------+-------+------------+-----------+-------+
|    Site Type   | Used | Fixed | Prohibited | Available | Util% |
+----------------+------+-------+------------+-----------+-------+
| DSPs           |  299 |     0 |          0 |      2520 | 11.87 |
|   DSP48E2 only |  299 |       |            |           |       |
+----------------+------+-------+------------+-----------+-------+


5. I/O
------

+------------------+------+-------+------------+-----------+-------+
|     Site Type    | Used | Fixed | Prohibited | Available | Util% |
+------------------+------+-------+------------+-----------+-------+
| Bonded IOB       |  157 |     0 |          0 |       328 | 47.87 |
| HPIOB_M          |   73 |     0 |          0 |        96 | 76.04 |
|   INPUT          |   41 |       |            |           |       |
|   OUTPUT         |   32 |       |            |           |       |
|   BIDIR          |    0 |       |            |           |       |
| HPIOB_S          |   73 |     0 |          0 |        96 | 76.04 |
|   INPUT          |   40 |       |            |           |       |
|   OUTPUT         |   33 |       |            |           |       |
|   BIDIR          |    0 |       |            |           |       |
| HDIOB_M          |    0 |     0 |          0 |        60 |  0.00 |
| HDIOB_S          |    0 |     0 |          0 |        60 |  0.00 |
| HPIOB_SNGL       |   11 |     0 |          0 |        16 | 68.75 |
|   INPUT          |    0 |       |            |           |       |
|   OUTPUT         |   11 |       |            |           |       |
|   BIDIR          |    0 |       |            |           |       |
| HPIOBDIFFINBUF   |    0 |     0 |          0 |        96 |  0.00 |
| HPIOBDIFFOUTBUF  |    0 |     0 |          0 |        96 |  0.00 |
| HDIOBDIFFINBUF   |    0 |     0 |          0 |        60 |  0.00 |
| BITSLICE_CONTROL |    0 |     0 |          0 |        32 |  0.00 |
| BITSLICE_RX_TX   |    0 |     0 |          0 |      1248 |  0.00 |
| BITSLICE_TX      |    0 |     0 |          0 |        32 |  0.00 |
| RIU_OR           |    0 |     0 |          0 |        16 |  0.00 |
+------------------+------+-------+------------+-----------+-------+


6. CLOCK
--------

+------------+------+-------+------------+-----------+-------+
|  Site Type | Used | Fixed | Prohibited | Available | Util% |
+------------+------+-------+------------+-----------+-------+
| BUFGCE     |   22 |     0 |          0 |       116 | 18.97 |
| BUFGCE_DIV |    0 |     0 |          0 |        16 |  0.00 |
| BUFG_GT    |    0 |     0 |          0 |       168 |  0.00 |
| BUFG_PS    |    0 |     0 |          0 |        72 |  0.00 |
| BUFGCTRL*  |    0 |     0 |          0 |        32 |  0.00 |
| PLL        |    0 |     0 |          0 |         8 |  0.00 |
| MMCM       |    0 |     0 |          0 |         4 |  0.00 |
+------------+------+-------+------------+-----------+-------+
* Note: Each used BUFGCTRL counts as two GLOBAL CLOCK BUFFERs. This table does not include global clocking resources, only buffer cell usage. See the Clock Utilization Report (report_clock_utilization) for detailed accounting of global clocking resource availability.


7. ADVANCED
-----------

+-----------------+------+-------+------------+-----------+-------+
|    Site Type    | Used | Fixed | Prohibited | Available | Util% |
+-----------------+------+-------+------------+-----------+-------+
| GTHE4_CHANNEL   |    0 |     0 |          0 |        24 |  0.00 |
| GTHE4_COMMON    |    0 |     0 |          0 |         6 |  0.00 |
| OBUFDS_GTE4     |    0 |     0 |          0 |        12 |  0.00 |
| OBUFDS_GTE4_ADV |    0 |     0 |          0 |        12 |  0.00 |
| PS8             |    0 |     0 |          0 |         1 |  0.00 |
| SYSMONE4        |    0 |     0 |          0 |         1 |  0.00 |
+-----------------+------+-------+------------+-----------+-------+


8. CONFIGURATION
----------------

+-------------+------+-------+------------+-----------+-------+
|  Site Type  | Used | Fixed | Prohibited | Available | Util% |
+-------------+------+-------+------------+-----------+-------+
| BSCANE2     |    0 |     0 |          0 |         4 |  0.00 |
| DNA_PORTE2  |    0 |     0 |          0 |         1 |  0.00 |
| EFUSE_USR   |    0 |     0 |          0 |         1 |  0.00 |
| FRAME_ECCE4 |    0 |     0 |          0 |         1 |  0.00 |
| ICAPE3      |    0 |     0 |          0 |         2 |  0.00 |
| MASTER_JTAG |    0 |     0 |          0 |         1 |  0.00 |
| STARTUPE3   |    0 |     0 |          0 |         1 |  0.00 |
+-------------+------+-------+------------+-----------+-------+


9. Primitives
-------------

+----------+--------+---------------------+
| Ref Name |  Used  | Functional Category |
+----------+--------+---------------------+
| FDRE     | 107233 |            Register |
| LUT5     |  34474 |                 CLB |
| LUT3     |  33931 |                 CLB |
| LUT6     |  27640 |                 CLB |
| LUT2     |  16400 |                 CLB |
| LUT4     |  12861 |                 CLB |
| CARRY8   |   6350 |                 CLB |
| LUT1     |   6264 |                 CLB |
| MUXF7    |   4417 |                 CLB |
| RAMD32   |   2392 |                 CLB |
| MUXF8    |   2017 |                 CLB |
| RAMD64E  |   1376 |                 CLB |
| RAMS32   |    344 |                 CLB |
| RAMB18E2 |    322 |            BLOCKRAM |
| DSP48E2  |    299 |          Arithmetic |
| RAMB36E2 |    102 |            BLOCKRAM |
| INBUF    |     81 |                 I/O |
| IBUFCTRL |     81 |              Others |
| OBUF     |     76 |                 I/O |
| SRL16E   |     53 |                 CLB |
| BUFGCE   |     22 |               Clock |
| FDSE     |     15 |            Register |
+----------+--------+---------------------+


10. Black Boxes
---------------

+----------+------+
| Ref Name | Used |
+----------+------+


11. Instantiated Netlists
-------------------------

+----------+------+
| Ref Name | Used |
+----------+------+


