#-----------------------------------------------------------
# xsim v2024.2 (64-bit)
# SW Build 5239630 on Fri Nov 08 22:35:27 MST 2024
# IP Build 5239520 on Sun Nov 10 16:12:51 MST 2024
# SharedData Build 5239561 on Fri Nov 08 14:39:27 MST 2024
# Start of session at: Wed Aug 12 20:33:57 2026
# Process ID         : 25468
# Current directory  : <REDACTED_PATH>/dev/public_duallean_candidate/build/xsim/p4_n1024_c1o1_b0
# Command line       : xsim.exe -mode tcl -source {xsim.dir/tb_fact_p4_n1024_c1o1/xsim_script.tcl}
# Log file           : <REDACTED_PATH>/dev/public_duallean_candidate/build/xsim/p4_n1024_c1o1_b0/xsim.log
# Journal file       : <REDACTED_PATH>/dev/public_duallean_candidate/build/xsim/p4_n1024_c1o1_b0\xsim.jou
# Running On         : Leopak
# Platform           : Windows Server 2016 or Windows 10
# Operating System   : 26200
# Processor Detail   : AMD Ryzen 7 H 255 w/ Radeon 780M Graphics      
# CPU Frequency      : 3793 MHz
# CPU Physical cores : 8
# CPU Logical cores  : 16
# Host memory        : 33580 MB
# Swap memory        : 14495 MB
# Total Virtual      : 48075 MB
# Available Virtual  : 19765 MB
#-----------------------------------------------------------
source xsim.dir/tb_fact_p4_n1024_c1o1/xsim_script.tcl
# xsim {tb_fact_p4_n1024_c1o1} -autoloadwcfg -runall
Time resolution is 1 ps
run -all
unified_capability_regs PASS ip_id=FACT build_id=20260809 R=512 N=1024 L=16 cout_max=4 precision=4 exact_linear=1
int8_axi_wstrb_semantics PASS
int8_valid_task PASS preload=1 repeat_start=0 wall_cycles=299 core_compute_cycles=283 preload_est=1024 readout_est=1024
tb_ntt46_fact_lean_ip_unified_axi_lite_core PASS R=512 N=1024 L=16 Cin=1 Cout=1 Nh=511 bound=8 wall_cycles=299 core_compute_cycles=283 preload_est=1024 readout_est=1024
$finish called at time : 13834 ns : File "<REDACTED_PATH>/dev/public_duallean_candidate/tb/tb_ntt46_fact_lean_ip_unified_axi_lite_core.sv" Line 553
exit
INFO: [Common 17-206] Exiting xsim at Wed Aug 12 20:34:02 2026...
