#-----------------------------------------------------------
# xsim v2024.2 (64-bit)
# SW Build 5239630 on Fri Nov 08 22:35:27 MST 2024
# IP Build 5239520 on Sun Nov 10 16:12:51 MST 2024
# SharedData Build 5239561 on Fri Nov 08 14:39:27 MST 2024
# Start of session at: Wed Aug 12 20:26:37 2026
# Process ID         : 27928
# Current directory  : <REDACTED_PATH>/dev/public_duallean_candidate/build/xsim/p8_n512_c1o1_b0
# Command line       : xsim.exe -mode tcl -source {xsim.dir/tb_fact_p8_n512_c1o1/xsim_script.tcl}
# Log file           : <REDACTED_PATH>/dev/public_duallean_candidate/build/xsim/p8_n512_c1o1_b0/xsim.log
# Journal file       : <REDACTED_PATH>/dev/public_duallean_candidate/build/xsim/p8_n512_c1o1_b0\xsim.jou
# Running On         : Leopak
# Platform           : Windows Server 2016 or Windows 10
# Operating System   : 26200
# Processor Detail   : AMD Ryzen 7 H 255 w/ Radeon 780M Graphics      
# CPU Frequency      : 3793 MHz
# CPU Physical cores : 8
# CPU Logical cores  : 16
# Host memory        : 33580 MB
# Swap memory        : 14495 MB
# Total Virtual      : 48075 MB
# Available Virtual  : 19940 MB
#-----------------------------------------------------------
source xsim.dir/tb_fact_p8_n512_c1o1/xsim_script.tcl
# xsim {tb_fact_p8_n512_c1o1} -autoloadwcfg -runall
Time resolution is 1 ps
run -all
unified_capability_regs PASS ip_id=FACT build_id=20260809 R=256 N=512 L=8 cout_max=4 precision=8 exact_linear=1
int8_axi_wstrb_semantics PASS
int8_valid_task PASS preload=1 repeat_start=1 wall_cycles=244 core_compute_cycles=228 preload_est=512 readout_est=512
int8_valid_task PASS preload=0 repeat_start=0 wall_cycles=239 core_compute_cycles=223 preload_est=512 readout_est=512
int8_valid_task PASS preload=1 repeat_start=0 wall_cycles=244 core_compute_cycles=228 preload_est=512 readout_est=512
int8_reset_mid_task_smoke PASS recovered_wall=244 recovered_core=228
tb_ntt46_fact_lean_ip_unified_axi_lite_core PASS R=256 N=512 L=8 Cin=1 Cout=1 Nh=255 bound=128 wall_cycles=239 core_compute_cycles=223 preload_est=512 readout_est=512
$finish called at time : 22518 ns : File "<REDACTED_PATH>/dev/public_duallean_candidate/tb/tb_ntt46_fact_lean_ip_unified_axi_lite_core.sv" Line 553
exit
INFO: [Common 17-206] Exiting xsim at Wed Aug 12 20:26:43 2026...
