Copyright 1986-2022 Xilinx, Inc. All Rights Reserved. Copyright 2022-2024 Advanced Micro Devices, Inc. All Rights Reserved.
--------------------------------------------------------------------------------------------------------------------------------------------------
| Tool Version      : Vivado v.2024.2 (win64) Build 5239630 Fri Nov 08 22:35:27 MST 2024
| Date              : Thu Aug 13 17:35:40 2026
| Host              : <REDACTED>
| Command           : <REDACTED>
| Design            : ntt46_fact_lean_ip_unified_axi_lite_core
| Device            : xczu9eg-ffvb1156
| Speed File        : -2  PRODUCTION 1.30 05-15-2022
| Design State      : Physopt postRoute
| Temperature Grade : E
--------------------------------------------------------------------------------------------------------------------------------------------------

Timing Summary Report

------------------------------------------------------------------------------------------------
| Timer Settings
| --------------
------------------------------------------------------------------------------------------------

  Enable Multi Corner Analysis               :  Yes
  Enable Pessimism Removal                   :  Yes
  Pessimism Removal Resolution               :  Nearest Common Node
  Enable Input Delay Default Clock           :  No
  Enable Preset / Clear Arcs                 :  No
  Disable Flight Delays                      :  No
  Ignore I/O Paths                           :  No
  Timing Early Launch at Borrowing Latches   :  No
  Borrow Time for Max Delay Exceptions       :  Yes
  Merge Timing Exceptions                    :  Yes
  Inter-SLR Compensation                     :  Conservative

  Corner  Analyze    Analyze    
  Name    Max Paths  Min Paths  
  ------  ---------  ---------  
  Slow    Yes        Yes        
  Fast    Yes        Yes        


------------------------------------------------------------------------------------------------
| Report Methodology
| ------------------
------------------------------------------------------------------------------------------------

No report available as report_methodology has not been run prior. Run report_methodology on the current design for the summary of methodology violations.



check_timing report

Table of Contents
-----------------
1. checking no_clock (0)
2. checking constant_clock (0)
3. checking pulse_width_clock (0)
4. checking unconstrained_internal_endpoints (0)
5. checking no_input_delay (67)
6. checking no_output_delay (72)
7. checking multiple_clock (0)
8. checking generated_clocks (0)
9. checking loops (0)
10. checking partial_input_delay (0)
11. checking partial_output_delay (0)
12. checking latch_loops (0)

1. checking no_clock (0)
------------------------
 There are 0 register/latch pins with no clock.


2. checking constant_clock (0)
------------------------------
 There are 0 register/latch pins with constant_clock.


3. checking pulse_width_clock (0)
---------------------------------
 There are 0 register/latch pins which need pulse_width check


4. checking unconstrained_internal_endpoints (0)
------------------------------------------------
 There are 0 pins that are not constrained for maximum delay.

 There are 0 pins that are not constrained for maximum delay due to constant clock.


5. checking no_input_delay (67)
-------------------------------
 There are 67 input ports with no input delay specified. (HIGH)

 There are 0 input ports with no input delay but user has a false path constraint.


6. checking no_output_delay (72)
--------------------------------
 There are 72 ports with no output delay specified. (HIGH)

 There are 0 ports with no output delay but user has a false path constraint

 There are 0 ports with no output delay but with a timing clock defined on it or propagating through it


7. checking multiple_clock (0)
------------------------------
 There are 0 register/latch pins with multiple clocks.


8. checking generated_clocks (0)
--------------------------------
 There are 0 generated clocks that are not connected to a clock source.


9. checking loops (0)
---------------------
 There are 0 combinational loops in the design.


10. checking partial_input_delay (0)
------------------------------------
 There are 0 input ports with partial input delay specified.


11. checking partial_output_delay (0)
-------------------------------------
 There are 0 ports with partial output delay specified.


12. checking latch_loops (0)
----------------------------
 There are 0 combinational latch loops in the design through latch input



------------------------------------------------------------------------------------------------
| Design Timing Summary
| ---------------------
------------------------------------------------------------------------------------------------

    WNS(ns)      TNS(ns)  TNS Failing Endpoints  TNS Total Endpoints      WHS(ns)      THS(ns)  THS Failing Endpoints  THS Total Endpoints     WPWS(ns)     TPWS(ns)  TPWS Failing Endpoints  TPWS Total Endpoints  
    -------      -------  ---------------------  -------------------      -------      -------  ---------------------  -------------------     --------     --------  ----------------------  --------------------  
      0.000        0.000                      0               109271        0.003        0.000                      0               109271        1.208        0.000                       0                 50379  


All user specified timing constraints are met.


------------------------------------------------------------------------------------------------
| Clock Summary
| -------------
------------------------------------------------------------------------------------------------

Clock  Waveform(ns)         Period(ns)      Frequency(MHz)
-----  ------------         ----------      --------------
clk    {0.000 1.750}        3.500           285.714         


------------------------------------------------------------------------------------------------
| Intra Clock Table
| -----------------
------------------------------------------------------------------------------------------------

Clock             WNS(ns)      TNS(ns)  TNS Failing Endpoints  TNS Total Endpoints      WHS(ns)      THS(ns)  THS Failing Endpoints  THS Total Endpoints     WPWS(ns)     TPWS(ns)  TPWS Failing Endpoints  TPWS Total Endpoints  
-----             -------      -------  ---------------------  -------------------      -------      -------  ---------------------  -------------------     --------     --------  ----------------------  --------------------  
clk                 0.000        0.000                      0               109271        0.003        0.000                      0               109271        1.208        0.000                       0                 50379  


------------------------------------------------------------------------------------------------
| Inter Clock Table
| -----------------
------------------------------------------------------------------------------------------------

From Clock    To Clock          WNS(ns)      TNS(ns)  TNS Failing Endpoints  TNS Total Endpoints      WHS(ns)      THS(ns)  THS Failing Endpoints  THS Total Endpoints  
----------    --------          -------      -------  ---------------------  -------------------      -------      -------  ---------------------  -------------------  


------------------------------------------------------------------------------------------------
| Other Path Groups Table
| -----------------------
------------------------------------------------------------------------------------------------

Path Group    From Clock    To Clock          WNS(ns)      TNS(ns)  TNS Failing Endpoints  TNS Total Endpoints      WHS(ns)      THS(ns)  THS Failing Endpoints  THS Total Endpoints  
----------    ----------    --------          -------      -------  ---------------------  -------------------      -------      -------  ---------------------  -------------------  


------------------------------------------------------------------------------------------------
| Timing Details
| --------------
------------------------------------------------------------------------------------------------


---------------------------------------------------------------------------------------------------
From Clock:  clk
  To Clock:  clk

Setup :            0  Failing Endpoints,  Worst Slack        0.000ns,  Total Violation        0.000ns
Hold  :            0  Failing Endpoints,  Worst Slack        0.003ns,  Total Violation        0.000ns
PW    :            0  Failing Endpoints,  Worst Slack        1.208ns,  Total Violation        0.000ns
---------------------------------------------------------------------------------------------------


Max Delay Paths
--------------------------------------------------------------------------------------
Slack (MET) :             0.000ns  (required time - arrival time)
  Source:                 g_int4.u_precision_core/u_core/u_prod/u_core/u_core/slot_write_slot_q_reg[0]_rep/C
                            (rising edge-triggered cell FDRE clocked by clk  {rise@0.000ns fall@1.750ns period=3.500ns})
  Destination:            g_int4.u_precision_core/u_core/u_prod/u_core/u_core/slot_plus_y2_q_reg[3][2][7][1]/CE
                            (rising edge-triggered cell FDRE clocked by clk  {rise@0.000ns fall@1.750ns period=3.500ns})
  Path Group:             clk
  Path Type:              Setup (Max at Slow Process Corner)
  Requirement:            3.500ns  (clk rise@3.500ns - clk rise@0.000ns)
  Data Path Delay:        3.057ns  (logic 0.227ns (7.425%)  route 2.830ns (92.575%))
  Logic Levels:           1  (LUT6=1)
  Clock Path Skew:        -0.347ns (DCD - SCD + CPR)
    Destination Clock Delay (DCD):    2.610ns = ( 6.110 - 3.500 ) 
    Source Clock Delay      (SCD):    3.357ns
    Clock Pessimism Removal (CPR):    0.400ns
  Clock Uncertainty:      0.035ns  ((TSJ^2 + TIJ^2)^1/2 + DJ) / 2 + PE
    Total System Jitter     (TSJ):    0.071ns
    Total Input Jitter      (TIJ):    0.000ns
    Discrete Jitter          (DJ):    0.000ns
    Phase Error              (PE):    0.000ns
  Clock Net Delay (Source):      2.501ns (routing 1.228ns, distribution 1.273ns)
  Clock Net Delay (Destination): 2.045ns (routing 1.119ns, distribution 0.926ns)

    Location             Delay type                Incr(ns)  Path(ns)    Netlist Resource(s)
  -------------------------------------------------------------------    -------------------
                         (clock clk rise edge)        0.000     0.000 r  
    Y4                                                0.000     0.000 r  clk (IN)
                         net (fo=0)                   0.000     0.000    clk_IBUF_inst/I
    Y4                   INBUF (Prop_INBUF_HPIOB_M_PAD_O)
                                                      0.509     0.509 r  clk_IBUF_inst/INBUF_INST/O
                         net (fo=1, routed)           0.000     0.509    clk_IBUF_inst/OUT
    Y4                   IBUFCTRL (Prop_IBUFCTRL_HPIOB_M_I_O)
                                                      0.000     0.509 r  clk_IBUF_inst/IBUFCTRL_INST/O
                         net (fo=1, routed)           0.319     0.828    clk_IBUF
    BUFGCE_X0Y49         BUFGCE (Prop_BUFCE_BUFGCE_I_O)
                                                      0.028     0.856 r  clk_IBUF_BUFG_inst/O
    X1Y1 (CLOCK_ROOT)    net (fo=50879, routed)       2.501     3.357    g_int4.u_precision_core/u_core/u_prod/u_core/u_core/clk_IBUF_BUFG
    SLICE_X79Y182        FDRE                                         r  g_int4.u_precision_core/u_core/u_prod/u_core/u_core/slot_write_slot_q_reg[0]_rep/C
  -------------------------------------------------------------------    -------------------
    SLICE_X79Y182        FDRE (Prop_EFF2_SLICEM_C_Q)
                                                      0.079     3.436 r  g_int4.u_precision_core/u_core/u_prod/u_core/u_core/slot_write_slot_q_reg[0]_rep/Q
                         net (fo=4, routed)           0.167     3.604    g_int4.u_precision_core/u_core/u_prod/u_core/u_core/slot_write_slot_q_reg[0]_rep_n_0
    SLICE_X79Y182        LUT6 (Prop_E6LUT_SLICEM_I1_O)
                                                      0.148     3.752 r  g_int4.u_precision_core/u_core/u_prod/u_core/u_core/slot_plus_y3_q[3][2][1][18]_i_1/O
                         net (fo=1102, routed)        2.663     6.414    g_int4.u_precision_core/u_core/u_prod/u_core/u_core/slot_plus_y3_q[3][2][1][18]_i_1_n_0
    SLICE_X52Y36         FDRE                                         r  g_int4.u_precision_core/u_core/u_prod/u_core/u_core/slot_plus_y2_q_reg[3][2][7][1]/CE
  -------------------------------------------------------------------    -------------------

                         (clock clk rise edge)        3.500     3.500 r  
    Y4                                                0.000     3.500 r  clk (IN)
                         net (fo=0)                   0.000     3.500    clk_IBUF_inst/I
    Y4                   INBUF (Prop_INBUF_HPIOB_M_PAD_O)
                                                      0.259     3.759 r  clk_IBUF_inst/INBUF_INST/O
                         net (fo=1, routed)           0.000     3.759    clk_IBUF_inst/OUT
    Y4                   IBUFCTRL (Prop_IBUFCTRL_HPIOB_M_I_O)
                                                      0.000     3.759 r  clk_IBUF_inst/IBUFCTRL_INST/O
                         net (fo=1, routed)           0.282     4.041    clk_IBUF
    BUFGCE_X0Y49         BUFGCE (Prop_BUFCE_BUFGCE_I_O)
                                                      0.024     4.065 r  clk_IBUF_BUFG_inst/O
    X1Y1 (CLOCK_ROOT)    net (fo=50879, routed)       2.045     6.110    g_int4.u_precision_core/u_core/u_prod/u_core/u_core/clk_IBUF_BUFG
    SLICE_X52Y36         FDRE                                         r  g_int4.u_precision_core/u_core/u_prod/u_core/u_core/slot_plus_y2_q_reg[3][2][7][1]/C
                         clock pessimism              0.400     6.510    
                         clock uncertainty           -0.035     6.475    
    SLICE_X52Y36         FDRE (Setup_DFF_SLICEM_C_CE)
                                                     -0.061     6.414    g_int4.u_precision_core/u_core/u_prod/u_core/u_core/slot_plus_y2_q_reg[3][2][7][1]
  -------------------------------------------------------------------
                         required time                          6.414    
                         arrival time                          -6.414    
  -------------------------------------------------------------------
                         slack                                  0.000    





Min Delay Paths
--------------------------------------------------------------------------------------
Slack (MET) :             0.003ns  (arrival time - required time)
  Source:                 g_int4.u_precision_core/u_core/u_prod/u_core/u_core/u_minus_step/g_unified_lane.u_lane_group/g_lane[3].g_lane_n.u_lane/side_w1_q_reg[2][9]/C
                            (rising edge-triggered cell FDRE clocked by clk  {rise@0.000ns fall@1.750ns period=3.500ns})
  Destination:            g_int4.u_precision_core/u_core/u_prod/u_core/u_core/u_minus_step/g_unified_lane.u_lane_group/g_lane[3].g_lane_n.u_lane/side_w1_q_reg[3][9]/D
                            (rising edge-triggered cell FDRE clocked by clk  {rise@0.000ns fall@1.750ns period=3.500ns})
  Path Group:             clk
  Path Type:              Hold (Min at Slow Process Corner)
  Requirement:            0.000ns  (clk rise@0.000ns - clk rise@0.000ns)
  Data Path Delay:        0.207ns  (logic 0.060ns (28.988%)  route 0.147ns (71.012%))
  Logic Levels:           0  
  Clock Path Skew:        0.142ns (DCD - SCD - CPR)
    Destination Clock Delay (DCD):    3.289ns
    Source Clock Delay      (SCD):    2.688ns
    Clock Pessimism Removal (CPR):    0.459ns
  Clock Net Delay (Source):      2.123ns (routing 1.119ns, distribution 1.004ns)
  Clock Net Delay (Destination): 2.433ns (routing 1.228ns, distribution 1.205ns)

    Location             Delay type                Incr(ns)  Path(ns)    Netlist Resource(s)
  -------------------------------------------------------------------    -------------------
                         (clock clk rise edge)        0.000     0.000 r  
    Y4                                                0.000     0.000 r  clk (IN)
                         net (fo=0)                   0.000     0.000    clk_IBUF_inst/I
    Y4                   INBUF (Prop_INBUF_HPIOB_M_PAD_O)
                                                      0.259     0.259 r  clk_IBUF_inst/INBUF_INST/O
                         net (fo=1, routed)           0.000     0.259    clk_IBUF_inst/OUT
    Y4                   IBUFCTRL (Prop_IBUFCTRL_HPIOB_M_I_O)
                                                      0.000     0.259 r  clk_IBUF_inst/IBUFCTRL_INST/O
                         net (fo=1, routed)           0.282     0.541    clk_IBUF
    BUFGCE_X0Y49         BUFGCE (Prop_BUFCE_BUFGCE_I_O)
                                                      0.024     0.565 r  clk_IBUF_BUFG_inst/O
    X1Y1 (CLOCK_ROOT)    net (fo=50879, routed)       2.123     2.688    g_int4.u_precision_core/u_core/u_prod/u_core/u_core/u_minus_step/g_unified_lane.u_lane_group/g_lane[3].g_lane_n.u_lane/clk_IBUF_BUFG
    SLICE_X73Y163        FDRE                                         r  g_int4.u_precision_core/u_core/u_prod/u_core/u_core/u_minus_step/g_unified_lane.u_lane_group/g_lane[3].g_lane_n.u_lane/side_w1_q_reg[2][9]/C
  -------------------------------------------------------------------    -------------------
    SLICE_X73Y163        FDRE (Prop_AFF2_SLICEM_C_Q)
                                                      0.060     2.748 r  g_int4.u_precision_core/u_core/u_prod/u_core/u_core/u_minus_step/g_unified_lane.u_lane_group/g_lane[3].g_lane_n.u_lane/side_w1_q_reg[2][9]/Q
                         net (fo=2, routed)           0.147     2.895    g_int4.u_precision_core/u_core/u_prod/u_core/u_core/u_minus_step/g_unified_lane.u_lane_group/g_lane[3].g_lane_n.u_lane/side_w1_q_reg[2]_460[9]
    SLICE_X76Y164        FDRE                                         r  g_int4.u_precision_core/u_core/u_prod/u_core/u_core/u_minus_step/g_unified_lane.u_lane_group/g_lane[3].g_lane_n.u_lane/side_w1_q_reg[3][9]/D
  -------------------------------------------------------------------    -------------------

                         (clock clk rise edge)        0.000     0.000 r  
    Y4                                                0.000     0.000 r  clk (IN)
                         net (fo=0)                   0.000     0.000    clk_IBUF_inst/I
    Y4                   INBUF (Prop_INBUF_HPIOB_M_PAD_O)
                                                      0.509     0.509 r  clk_IBUF_inst/INBUF_INST/O
                         net (fo=1, routed)           0.000     0.509    clk_IBUF_inst/OUT
    Y4                   IBUFCTRL (Prop_IBUFCTRL_HPIOB_M_I_O)
                                                      0.000     0.509 r  clk_IBUF_inst/IBUFCTRL_INST/O
                         net (fo=1, routed)           0.319     0.828    clk_IBUF
    BUFGCE_X0Y49         BUFGCE (Prop_BUFCE_BUFGCE_I_O)
                                                      0.028     0.856 r  clk_IBUF_BUFG_inst/O
    X1Y1 (CLOCK_ROOT)    net (fo=50879, routed)       2.433     3.289    g_int4.u_precision_core/u_core/u_prod/u_core/u_core/u_minus_step/g_unified_lane.u_lane_group/g_lane[3].g_lane_n.u_lane/clk_IBUF_BUFG
    SLICE_X76Y164        FDRE                                         r  g_int4.u_precision_core/u_core/u_prod/u_core/u_core/u_minus_step/g_unified_lane.u_lane_group/g_lane[3].g_lane_n.u_lane/side_w1_q_reg[3][9]/C
                         clock pessimism             -0.459     2.830    
    SLICE_X76Y164        FDRE (Hold_FFF2_SLICEM_C_D)
                                                      0.062     2.892    g_int4.u_precision_core/u_core/u_prod/u_core/u_core/u_minus_step/g_unified_lane.u_lane_group/g_lane[3].g_lane_n.u_lane/side_w1_q_reg[3][9]
  -------------------------------------------------------------------
                         required time                         -2.892    
                         arrival time                           2.895    
  -------------------------------------------------------------------
                         slack                                  0.003    





Pulse Width Checks
--------------------------------------------------------------------------------------
Clock Name:         clk
Waveform(ns):       { 0.000 1.750 }
Period(ns):         3.500
Sources:            { clk }

Check Type        Corner  Lib Pin             Reference Pin  Required(ns)  Actual(ns)  Slack(ns)  Location      Pin
Min Period        n/a     RAMB18E2/CLKARDCLK  n/a            1.569         3.500       1.931      RAMB18_X8Y15  g_int4.u_precision_core/u_core/u_h_stage0_even/g_word_slots.g_bank[0].g_block.mem_reg_0/CLKARDCLK
Low Pulse Width   Slow    RAMB18E2/CLKARDCLK  n/a            0.542         1.750       1.208      RAMB18_X8Y15  g_int4.u_precision_core/u_core/u_h_stage0_even/g_word_slots.g_bank[0].g_block.mem_reg_0/CLKARDCLK
High Pulse Width  Slow    RAMB18E2/CLKARDCLK  n/a            0.542         1.750       1.208      RAMB18_X8Y15  g_int4.u_precision_core/u_core/u_h_stage0_even/g_word_slots.g_bank[0].g_block.mem_reg_0/CLKARDCLK



