Copyright 1986-2022 Xilinx, Inc. All Rights Reserved. Copyright 2022-2024 Advanced Micro Devices, Inc. All Rights Reserved.
---------------------------------------------------------------------------------------------------------------------------------------------
| Tool Version : Vivado v.2024.2 (win64) Build 5239630 Fri Nov 08 22:35:27 MST 2024
| Date         : Thu Aug 13 23:42:56 2026
| Host              : <REDACTED>
| Command           : <REDACTED>
| Design       : ntt46_fact_lean_ip_unified_axi_lite_core
| Device       : xczu9eg-ffvb1156-2-e
| Speed File   : -2
| Design State : Physopt postRoute
---------------------------------------------------------------------------------------------------------------------------------------------

Utilization Design Information

Table of Contents
-----------------
1. CLB Logic
1.1 Summary of Registers by Type
2. CLB Logic Distribution
3. BLOCKRAM
4. ARITHMETIC
5. I/O
6. CLOCK
7. ADVANCED
8. CONFIGURATION
9. Primitives
10. Black Boxes
11. Instantiated Netlists

1. CLB Logic
------------

+----------------------------+--------+-------+------------+-----------+-------+
|          Site Type         |  Used  | Fixed | Prohibited | Available | Util% |
+----------------------------+--------+-------+------------+-----------+-------+
| CLB LUTs                   | 181272 |     0 |          0 |    274080 | 66.14 |
|   LUT as Logic             | 175789 |     0 |          0 |    274080 | 64.14 |
|   LUT as Memory            |   5483 |     0 |          0 |    144000 |  3.81 |
|     LUT as Distributed RAM |   5440 |     0 |            |           |       |
|     LUT as Shift Register  |     43 |     0 |            |           |       |
| CLB Registers              | 169372 |     0 |          0 |    548160 | 30.90 |
|   Register as Flip Flop    | 169372 |     0 |          0 |    548160 | 30.90 |
|   Register as Latch        |      0 |     0 |          0 |    548160 |  0.00 |
| CARRY8                     |  11982 |     0 |          0 |     34260 | 34.97 |
| F7 Muxes                   |   4396 |     0 |          0 |    137040 |  3.21 |
| F8 Muxes                   |     11 |     0 |          0 |     68520 |  0.02 |
| F9 Muxes                   |      0 |     0 |          0 |     34260 |  0.00 |
+----------------------------+--------+-------+------------+-----------+-------+
* Warning! LUT value is adjusted to account for LUT combining.


1.1 Summary of Registers by Type
--------------------------------

+--------+--------------+-------------+--------------+
|  Total | Clock Enable | Synchronous | Asynchronous |
+--------+--------------+-------------+--------------+
| 0      |            _ |           - |            - |
| 0      |            _ |           - |          Set |
| 0      |            _ |           - |        Reset |
| 0      |            _ |         Set |            - |
| 0      |            _ |       Reset |            - |
| 0      |          Yes |           - |            - |
| 0      |          Yes |           - |          Set |
| 0      |          Yes |           - |        Reset |
| 16     |          Yes |         Set |            - |
| 169356 |          Yes |       Reset |            - |
+--------+--------------+-------------+--------------+


2. CLB Logic Distribution
-------------------------

+--------------------------------------------+--------+-------+------------+-----------+-------+
|                  Site Type                 |  Used  | Fixed | Prohibited | Available | Util% |
+--------------------------------------------+--------+-------+------------+-----------+-------+
| CLB                                        |  33586 |     0 |          0 |     34260 | 98.03 |
|   CLBL                                     |  15895 |     0 |            |           |       |
|   CLBM                                     |  17691 |     0 |            |           |       |
| LUT as Logic                               | 175789 |     0 |          0 |    274080 | 64.14 |
|   using O5 output only                     |    531 |       |            |           |       |
|   using O6 output only                     | 131485 |       |            |           |       |
|   using O5 and O6                          |  43773 |       |            |           |       |
| LUT as Memory                              |   5483 |     0 |          0 |    144000 |  3.81 |
|   LUT as Distributed RAM                   |   5440 |     0 |            |           |       |
|     using O5 output only                   |      0 |       |            |           |       |
|     using O6 output only                   |   2712 |       |            |           |       |
|     using O5 and O6                        |   2728 |       |            |           |       |
|   LUT as Shift Register                    |     43 |     0 |            |           |       |
|     using O5 output only                   |      0 |       |            |           |       |
|     using O6 output only                   |     32 |       |            |           |       |
|     using O5 and O6                        |     11 |       |            |           |       |
| CLB Registers                              | 169372 |     0 |          0 |    548160 | 30.90 |
|   Register driven from within the CLB      |  57576 |       |            |           |       |
|   Register driven from outside the CLB     | 111796 |       |            |           |       |
|     LUT in front of the register is unused |  51067 |       |            |           |       |
|     LUT in front of the register is used   |  60729 |       |            |           |       |
| Unique Control Sets                        |    627 |       |          0 |     68520 |  0.92 |
+--------------------------------------------+--------+-------+------------+-----------+-------+
* * Note: Available Control Sets calculated as Slices * 2, Review the Control Sets Report for more information regarding control sets.


3. BLOCKRAM
-----------

+-------------------+-------+-------+------------+-----------+-------+
|     Site Type     |  Used | Fixed | Prohibited | Available | Util% |
+-------------------+-------+-------+------------+-----------+-------+
| Block RAM Tile    | 458.5 |     0 |          0 |       912 | 50.27 |
|   RAMB36/FIFO*    |   200 |     0 |          0 |       912 | 21.93 |
|     RAMB36E2 only |   200 |       |            |           |       |
|   RAMB18          |   517 |     0 |          0 |      1824 | 28.34 |
|     RAMB18E2 only |   517 |       |            |           |       |
+-------------------+-------+-------+------------+-----------+-------+
* Note: Each Block RAM Tile only has one FIFO logic available and therefore can accommodate only one FIFO36E2 or one FIFO18E2. However, if a FIFO18E2 occupies a Block RAM Tile, that tile can still accommodate a RAMB18E2


4. ARITHMETIC
-------------

+----------------+------+-------+------------+-----------+-------+
|    Site Type   | Used | Fixed | Prohibited | Available | Util% |
+----------------+------+-------+------------+-----------+-------+
| DSPs           |  491 |     0 |          0 |      2520 | 19.48 |
|   DSP48E2 only |  491 |       |            |           |       |
+----------------+------+-------+------------+-----------+-------+


5. I/O
------

+------------------+------+-------+------------+-----------+-------+
|     Site Type    | Used | Fixed | Prohibited | Available | Util% |
+------------------+------+-------+------------+-----------+-------+
| Bonded IOB       |  157 |     0 |          0 |       328 | 47.87 |
| HPIOB_M          |   73 |     0 |          0 |        96 | 76.04 |
|   INPUT          |   42 |       |            |           |       |
|   OUTPUT         |   31 |       |            |           |       |
|   BIDIR          |    0 |       |            |           |       |
| HPIOB_S          |   73 |     0 |          0 |        96 | 76.04 |
|   INPUT          |   39 |       |            |           |       |
|   OUTPUT         |   34 |       |            |           |       |
|   BIDIR          |    0 |       |            |           |       |
| HDIOB_M          |    0 |     0 |          0 |        60 |  0.00 |
| HDIOB_S          |    0 |     0 |          0 |        60 |  0.00 |
| HPIOB_SNGL       |   11 |     0 |          0 |        16 | 68.75 |
|   INPUT          |    0 |       |            |           |       |
|   OUTPUT         |   11 |       |            |           |       |
|   BIDIR          |    0 |       |            |           |       |
| HPIOBDIFFINBUF   |    0 |     0 |          0 |        96 |  0.00 |
| HPIOBDIFFOUTBUF  |    0 |     0 |          0 |        96 |  0.00 |
| HDIOBDIFFINBUF   |    0 |     0 |          0 |        60 |  0.00 |
| BITSLICE_CONTROL |    0 |     0 |          0 |        32 |  0.00 |
| BITSLICE_RX_TX   |    0 |     0 |          0 |      1248 |  0.00 |
| BITSLICE_TX      |    0 |     0 |          0 |        32 |  0.00 |
| RIU_OR           |    0 |     0 |          0 |        16 |  0.00 |
+------------------+------+-------+------------+-----------+-------+


6. CLOCK
--------

+------------+------+-------+------------+-----------+-------+
|  Site Type | Used | Fixed | Prohibited | Available | Util% |
+------------+------+-------+------------+-----------+-------+
| BUFGCE     |   24 |     0 |          0 |       116 | 20.69 |
| BUFGCE_DIV |    0 |     0 |          0 |        16 |  0.00 |
| BUFG_GT    |    0 |     0 |          0 |       168 |  0.00 |
| BUFG_PS    |    0 |     0 |          0 |        72 |  0.00 |
| BUFGCTRL*  |    0 |     0 |          0 |        32 |  0.00 |
| PLL        |    0 |     0 |          0 |         8 |  0.00 |
| MMCM       |    0 |     0 |          0 |         4 |  0.00 |
+------------+------+-------+------------+-----------+-------+
* Note: Each used BUFGCTRL counts as two GLOBAL CLOCK BUFFERs. This table does not include global clocking resources, only buffer cell usage. See the Clock Utilization Report (report_clock_utilization) for detailed accounting of global clocking resource availability.


7. ADVANCED
-----------

+-----------------+------+-------+------------+-----------+-------+
|    Site Type    | Used | Fixed | Prohibited | Available | Util% |
+-----------------+------+-------+------------+-----------+-------+
| GTHE4_CHANNEL   |    0 |     0 |          0 |        24 |  0.00 |
| GTHE4_COMMON    |    0 |     0 |          0 |         6 |  0.00 |
| OBUFDS_GTE4     |    0 |     0 |          0 |        12 |  0.00 |
| OBUFDS_GTE4_ADV |    0 |     0 |          0 |        12 |  0.00 |
| PS8             |    0 |     0 |          0 |         1 |  0.00 |
| SYSMONE4        |    0 |     0 |          0 |         1 |  0.00 |
+-----------------+------+-------+------------+-----------+-------+


8. CONFIGURATION
----------------

+-------------+------+-------+------------+-----------+-------+
|  Site Type  | Used | Fixed | Prohibited | Available | Util% |
+-------------+------+-------+------------+-----------+-------+
| BSCANE2     |    0 |     0 |          0 |         4 |  0.00 |
| DNA_PORTE2  |    0 |     0 |          0 |         1 |  0.00 |
| EFUSE_USR   |    0 |     0 |          0 |         1 |  0.00 |
| FRAME_ECCE4 |    0 |     0 |          0 |         1 |  0.00 |
| ICAPE3      |    0 |     0 |          0 |         2 |  0.00 |
| MASTER_JTAG |    0 |     0 |          0 |         1 |  0.00 |
| STARTUPE3   |    0 |     0 |          0 |         1 |  0.00 |
+-------------+------+-------+------------+-----------+-------+


9. Primitives
-------------

+----------+--------+---------------------+
| Ref Name |  Used  | Functional Category |
+----------+--------+---------------------+
| FDRE     | 169356 |            Register |
| LUT3     |  59251 |                 CLB |
| LUT5     |  53741 |                 CLB |
| LUT6     |  32560 |                 CLB |
| LUT4     |  32028 |                 CLB |
| LUT2     |  29679 |                 CLB |
| LUT1     |  12303 |                 CLB |
| CARRY8   |  11982 |                 CLB |
| RAMD32   |   4772 |                 CLB |
| MUXF7    |   4396 |                 CLB |
| RAMD64E  |   2712 |                 CLB |
| RAMS32   |    684 |                 CLB |
| RAMB18E2 |    517 |            BLOCKRAM |
| DSP48E2  |    491 |          Arithmetic |
| RAMB36E2 |    200 |            BLOCKRAM |
| INBUF    |     81 |                 I/O |
| IBUFCTRL |     81 |              Others |
| OBUF     |     76 |                 I/O |
| SRL16E   |     54 |                 CLB |
| BUFGCE   |     24 |               Clock |
| FDSE     |     16 |            Register |
| MUXF8    |     11 |                 CLB |
+----------+--------+---------------------+


10. Black Boxes
---------------

+----------+------+
| Ref Name | Used |
+----------+------+


11. Instantiated Netlists
-------------------------

+----------+------+
| Ref Name | Used |
+----------+------+


