Copyright 1986-2022 Xilinx, Inc. All Rights Reserved. Copyright 2022-2024 Advanced Micro Devices, Inc. All Rights Reserved.
--------------------------------------------------------------------------------------------------------------------------------------------------
| Tool Version      : Vivado v.2024.2 (win64) Build 5239630 Fri Nov 08 22:35:27 MST 2024
| Date              : Thu Aug 13 23:42:53 2026
| Host              : <REDACTED>
| Command           : <REDACTED>
| Design            : ntt46_fact_lean_ip_unified_axi_lite_core
| Device            : xczu9eg-ffvb1156
| Speed File        : -2  PRODUCTION 1.30 05-15-2022
| Design State      : Physopt postRoute
| Temperature Grade : E
--------------------------------------------------------------------------------------------------------------------------------------------------

Timing Summary Report

------------------------------------------------------------------------------------------------
| Timer Settings
| --------------
------------------------------------------------------------------------------------------------

  Enable Multi Corner Analysis               :  Yes
  Enable Pessimism Removal                   :  Yes
  Pessimism Removal Resolution               :  Nearest Common Node
  Enable Input Delay Default Clock           :  No
  Enable Preset / Clear Arcs                 :  No
  Disable Flight Delays                      :  No
  Ignore I/O Paths                           :  No
  Timing Early Launch at Borrowing Latches   :  No
  Borrow Time for Max Delay Exceptions       :  Yes
  Merge Timing Exceptions                    :  Yes
  Inter-SLR Compensation                     :  Conservative

  Corner  Analyze    Analyze    
  Name    Max Paths  Min Paths  
  ------  ---------  ---------  
  Slow    Yes        Yes        
  Fast    Yes        Yes        


------------------------------------------------------------------------------------------------
| Report Methodology
| ------------------
------------------------------------------------------------------------------------------------

No report available as report_methodology has not been run prior. Run report_methodology on the current design for the summary of methodology violations.



check_timing report

Table of Contents
-----------------
1. checking no_clock (0)
2. checking constant_clock (0)
3. checking pulse_width_clock (0)
4. checking unconstrained_internal_endpoints (0)
5. checking no_input_delay (67)
6. checking no_output_delay (72)
7. checking multiple_clock (0)
8. checking generated_clocks (0)
9. checking loops (0)
10. checking partial_input_delay (0)
11. checking partial_output_delay (0)
12. checking latch_loops (0)

1. checking no_clock (0)
------------------------
 There are 0 register/latch pins with no clock.


2. checking constant_clock (0)
------------------------------
 There are 0 register/latch pins with constant_clock.


3. checking pulse_width_clock (0)
---------------------------------
 There are 0 register/latch pins which need pulse_width check


4. checking unconstrained_internal_endpoints (0)
------------------------------------------------
 There are 0 pins that are not constrained for maximum delay.

 There are 0 pins that are not constrained for maximum delay due to constant clock.


5. checking no_input_delay (67)
-------------------------------
 There are 67 input ports with no input delay specified. (HIGH)

 There are 0 input ports with no input delay but user has a false path constraint.


6. checking no_output_delay (72)
--------------------------------
 There are 72 ports with no output delay specified. (HIGH)

 There are 0 ports with no output delay but user has a false path constraint

 There are 0 ports with no output delay but with a timing clock defined on it or propagating through it


7. checking multiple_clock (0)
------------------------------
 There are 0 register/latch pins with multiple clocks.


8. checking generated_clocks (0)
--------------------------------
 There are 0 generated clocks that are not connected to a clock source.


9. checking loops (0)
---------------------
 There are 0 combinational loops in the design.


10. checking partial_input_delay (0)
------------------------------------
 There are 0 input ports with partial input delay specified.


11. checking partial_output_delay (0)
-------------------------------------
 There are 0 ports with partial output delay specified.


12. checking latch_loops (0)
----------------------------
 There are 0 combinational latch loops in the design through latch input



------------------------------------------------------------------------------------------------
| Design Timing Summary
| ---------------------
------------------------------------------------------------------------------------------------

    WNS(ns)      TNS(ns)  TNS Failing Endpoints  TNS Total Endpoints      WHS(ns)      THS(ns)  THS Failing Endpoints  THS Total Endpoints     WPWS(ns)     TPWS(ns)  TPWS Failing Endpoints  TPWS Total Endpoints  
    -------      -------  ---------------------  -------------------      -------      -------  ---------------------  -------------------     --------     --------  ----------------------  --------------------  
      0.111        0.000                      0               387435        0.011        0.000                      0               387435        1.958        0.000                       0                179351  


All user specified timing constraints are met.


------------------------------------------------------------------------------------------------
| Clock Summary
| -------------
------------------------------------------------------------------------------------------------

Clock  Waveform(ns)         Period(ns)      Frequency(MHz)
-----  ------------         ----------      --------------
clk    {0.000 2.500}        5.000           200.000         


------------------------------------------------------------------------------------------------
| Intra Clock Table
| -----------------
------------------------------------------------------------------------------------------------

Clock             WNS(ns)      TNS(ns)  TNS Failing Endpoints  TNS Total Endpoints      WHS(ns)      THS(ns)  THS Failing Endpoints  THS Total Endpoints     WPWS(ns)     TPWS(ns)  TPWS Failing Endpoints  TPWS Total Endpoints  
-----             -------      -------  ---------------------  -------------------      -------      -------  ---------------------  -------------------     --------     --------  ----------------------  --------------------  
clk                 0.111        0.000                      0               387435        0.011        0.000                      0               387435        1.958        0.000                       0                179351  


------------------------------------------------------------------------------------------------
| Inter Clock Table
| -----------------
------------------------------------------------------------------------------------------------

From Clock    To Clock          WNS(ns)      TNS(ns)  TNS Failing Endpoints  TNS Total Endpoints      WHS(ns)      THS(ns)  THS Failing Endpoints  THS Total Endpoints  
----------    --------          -------      -------  ---------------------  -------------------      -------      -------  ---------------------  -------------------  


------------------------------------------------------------------------------------------------
| Other Path Groups Table
| -----------------------
------------------------------------------------------------------------------------------------

Path Group    From Clock    To Clock          WNS(ns)      TNS(ns)  TNS Failing Endpoints  TNS Total Endpoints      WHS(ns)      THS(ns)  THS Failing Endpoints  THS Total Endpoints  
----------    ----------    --------          -------      -------  ---------------------  -------------------      -------      -------  ---------------------  -------------------  


------------------------------------------------------------------------------------------------
| Timing Details
| --------------
------------------------------------------------------------------------------------------------


---------------------------------------------------------------------------------------------------
From Clock:  clk
  To Clock:  clk

Setup :            0  Failing Endpoints,  Worst Slack        0.111ns,  Total Violation        0.000ns
Hold  :            0  Failing Endpoints,  Worst Slack        0.011ns,  Total Violation        0.000ns
PW    :            0  Failing Endpoints,  Worst Slack        1.958ns,  Total Violation        0.000ns
---------------------------------------------------------------------------------------------------


Max Delay Paths
--------------------------------------------------------------------------------------
Slack (MET) :             0.111ns  (required time - arrival time)
  Source:                 g_int8.u_precision_core/u_core/u_p1/u_prod/u_core/u_core/u_minus_step/g_unified_lane.u_lane_group/g_lane[4].g_lane_n.u_lane/side_inverse_q_reg[3]/C
                            (rising edge-triggered cell FDRE clocked by clk  {rise@0.000ns fall@2.500ns period=5.000ns})
  Destination:            g_int8.u_precision_core/u_core/u_p1/u_prod/u_core/g_product32_pair_stream.u_pair_stream32/g_packed_fifo.u_h_stream/data_q_reg_0_15_378_391/RAMA/I
                            (rising edge-triggered cell RAMD32 clocked by clk  {rise@0.000ns fall@2.500ns period=5.000ns})
  Path Group:             clk
  Path Type:              Setup (Max at Slow Process Corner)
  Requirement:            5.000ns  (clk rise@5.000ns - clk rise@0.000ns)
  Data Path Delay:        4.387ns  (logic 1.368ns (31.182%)  route 3.019ns (68.818%))
  Logic Levels:           11  (CARRY8=4 LUT1=1 LUT2=1 LUT3=2 LUT4=1 LUT5=1 LUT6=1)
  Clock Path Skew:        -0.410ns (DCD - SCD + CPR)
    Destination Clock Delay (DCD):    2.682ns = ( 7.682 - 5.000 ) 
    Source Clock Delay      (SCD):    3.466ns
    Clock Pessimism Removal (CPR):    0.374ns
  Clock Uncertainty:      0.035ns  ((TSJ^2 + TIJ^2)^1/2 + DJ) / 2 + PE
    Total System Jitter     (TSJ):    0.071ns
    Total Input Jitter      (TIJ):    0.000ns
    Discrete Jitter          (DJ):    0.000ns
    Phase Error              (PE):    0.000ns
  Clock Net Delay (Source):      2.574ns (routing 0.935ns, distribution 1.639ns)
  Clock Net Delay (Destination): 2.081ns (routing 0.856ns, distribution 1.225ns)

    Location             Delay type                Incr(ns)  Path(ns)    Netlist Resource(s)
  -------------------------------------------------------------------    -------------------
                         (clock clk rise edge)        0.000     0.000 r  
    P10                                               0.000     0.000 r  clk (IN)
                         net (fo=0)                   0.000     0.000    clk_IBUF_inst/I
    P10                  INBUF (Prop_INBUF_HPIOB_M_PAD_O)
                                                      0.545     0.545 r  clk_IBUF_inst/INBUF_INST/O
                         net (fo=1, routed)           0.000     0.545    clk_IBUF_inst/OUT
    P10                  IBUFCTRL (Prop_IBUFCTRL_HPIOB_M_I_O)
                                                      0.000     0.545 r  clk_IBUF_inst/IBUFCTRL_INST/O
                         net (fo=1, routed)           0.319     0.864    clk_IBUF
    BUFGCE_X0Y72         BUFGCE (Prop_BUFCE_BUFGCE_I_O)
                                                      0.028     0.892 r  clk_IBUF_BUFG_inst/O
    X1Y3 (CLOCK_ROOT)    net (fo=181152, routed)      2.574     3.466    g_int8.u_precision_core/u_core/u_p1/u_prod/u_core/u_core/u_minus_step/g_unified_lane.u_lane_group/g_lane[4].g_lane_n.u_lane/clk_IBUF_BUFG
    SLICE_X94Y153        FDRE                                         r  g_int8.u_precision_core/u_core/u_p1/u_prod/u_core/u_core/u_minus_step/g_unified_lane.u_lane_group/g_lane[4].g_lane_n.u_lane/side_inverse_q_reg[3]/C
  -------------------------------------------------------------------    -------------------
    SLICE_X94Y153        FDRE (Prop_FFF2_SLICEL_C_Q)
                                                      0.081     3.547 r  g_int8.u_precision_core/u_core/u_p1/u_prod/u_core/u_core/u_minus_step/g_unified_lane.u_lane_group/g_lane[4].g_lane_n.u_lane/side_inverse_q_reg[3]/Q
                         net (fo=79, routed)          0.114     3.661    g_int8.u_precision_core/u_core/u_p1/u_prod/u_core/u_core/u_minus_step/g_unified_lane.u_lane_group/g_lane[4].g_lane_n.u_lane/g_j_dsp.g_generic.u_j_mul/side_inverse_q_reg[3]__0
    SLICE_X94Y154        LUT5 (Prop_G6LUT_SLICEL_I1_O)
                                                      0.149     3.810 r  g_int8.u_precision_core/u_core/u_p1/u_prod/u_core/u_core/u_minus_step/g_unified_lane.u_lane_group/g_lane[4].g_lane_n.u_lane/g_j_dsp.g_generic.u_j_mul/i___46_i_2__2/O
                         net (fo=177, routed)         0.234     4.045    g_int8.u_precision_core/u_core/u_p1/u_prod/u_core/u_core/u_minus_step/g_unified_lane.u_lane_group/g_lane[4].g_lane_n.u_lane/g_j_dsp.g_generic.u_j_mul/post_select_late_c
    SLICE_X95Y156        LUT3 (Prop_H5LUT_SLICEL_I1_O)
                                                      0.096     4.141 r  g_int8.u_precision_core/u_core/u_p1/u_prod/u_core/u_core/u_minus_step/g_unified_lane.u_lane_group/g_lane[4].g_lane_n.u_lane/g_j_dsp.g_generic.u_j_mul/i___31_i_1__17/O
                         net (fo=3, routed)           0.182     4.322    g_int8.u_precision_core/u_core/u_p1/u_prod/u_core/u_core/u_minus_step/g_unified_lane.u_lane_group/g_lane[4].g_lane_n.u_lane/g_j_dsp.g_generic.u_j_mul_n_122
    SLICE_X94Y156        LUT2 (Prop_E6LUT_SLICEL_I0_O)
                                                      0.123     4.445 r  g_int8.u_precision_core/u_core/u_p1/u_prod/u_core/u_core/u_minus_step/g_unified_lane.u_lane_group/g_lane[4].g_lane_n.u_lane/i___31/O
                         net (fo=1, routed)           0.007     4.452    g_int8.u_precision_core/u_core/u_p1/u_prod/u_core/u_core/u_minus_step/g_unified_lane.u_lane_group/g_lane[4].g_lane_n.u_lane/i___31_n_0
    SLICE_X94Y156        CARRY8 (Prop_CARRY8_SLICEL_S[4]_CO[7])
                                                      0.153     4.605 r  g_int8.u_precision_core/u_core/u_p1/u_prod/u_core/u_core/u_minus_step/g_unified_lane.u_lane_group/g_lane[4].g_lane_n.u_lane/i___808_i_2/CO[7]
                         net (fo=1, routed)           0.026     4.631    g_int8.u_precision_core/u_core/u_p1/u_prod/u_core/u_core/u_minus_step/g_unified_lane.u_lane_group/g_lane[4].g_lane_n.u_lane/i___808_i_2_n_0
    SLICE_X94Y157        CARRY8 (Prop_CARRY8_SLICEL_CI_O[5])
                                                      0.116     4.747 f  g_int8.u_precision_core/u_core/u_p1/u_prod/u_core/u_core/u_minus_step/g_unified_lane.u_lane_group/g_lane[4].g_lane_n.u_lane/i___816_i_1/O[5]
                         net (fo=3, routed)           0.257     5.004    g_int8.u_precision_core/u_core/u_p1/u_prod/u_core/u_core/u_minus_step/g_unified_lane.u_lane_group/g_lane[4].g_lane_n.u_lane/i___816_i_1_n_10
    SLICE_X94Y163        LUT1 (Prop_E6LUT_SLICEL_I0_O)
                                                      0.051     5.055 r  g_int8.u_precision_core/u_core/u_p1/u_prod/u_core/u_core/u_minus_step/g_unified_lane.u_lane_group/g_lane[4].g_lane_n.u_lane/i___817_i_5__3/O
                         net (fo=1, routed)           0.007     5.062    g_int8.u_precision_core/u_core/u_p1/u_prod/u_core/u_core/u_minus_step/g_unified_lane.u_lane_group/g_lane[4].g_lane_n.u_lane/i___817_i_5__3_n_0
    SLICE_X94Y163        CARRY8 (Prop_CARRY8_SLICEL_S[4]_CO[7])
                                                      0.153     5.215 r  g_int8.u_precision_core/u_core/u_p1/u_prod/u_core/u_core/u_minus_step/g_unified_lane.u_lane_group/g_lane[4].g_lane_n.u_lane/i___817_i_1/CO[7]
                         net (fo=1, routed)           0.026     5.241    g_int8.u_precision_core/u_core/u_p1/u_prod/u_core/u_core/u_minus_step/g_unified_lane.u_lane_group/g_lane[4].g_lane_n.u_lane/i___817_i_1_n_0
    SLICE_X94Y164        CARRY8 (Prop_CARRY8_SLICEL_CI_O[0])
                                                      0.056     5.297 r  g_int8.u_precision_core/u_core/u_p1/u_prod/u_core/u_core/u_minus_step/g_unified_lane.u_lane_group/g_lane[4].g_lane_n.u_lane/i___825_i_1/O[0]
                         net (fo=1, routed)           0.170     5.467    g_int8.u_precision_core/u_core/u_p1/u_prod/u_core/u_core/u_minus_step/g_unified_lane.u_lane_group/g_lane[4].g_lane_n.u_lane/i___825_i_1_n_15
    SLICE_X93Y165        LUT4 (Prop_C6LUT_SLICEM_I2_O)
                                                      0.098     5.565 r  g_int8.u_precision_core/u_core/u_p1/u_prod/u_core/u_core/u_minus_step/g_unified_lane.u_lane_group/g_lane[4].g_lane_n.u_lane/i___825/O
                         net (fo=2, routed)           0.181     5.746    g_int8.u_precision_core/u_core/u_p1/u_prod/u_core/u_core/u_minus_step/g_unified_lane.u_lane_group/g_lane[4].g_lane_n.u_lane/i___825_n_0
    SLICE_X91Y168        LUT6 (Prop_H6LUT_SLICEM_I4_O)
                                                      0.125     5.871 r  g_int8.u_precision_core/u_core/u_p1/u_prod/u_core/u_core/u_minus_step/g_unified_lane.u_lane_group/g_lane[4].g_lane_n.u_lane/i___732/O
                         net (fo=3, routed)           0.534     6.405    g_int8.u_precision_core/u_core/u_p1/u_prod/u_core/u_core/u_minus_step/g_unified_lane.u_lane_group/g_lane[4].g_lane_n.u_lane/g_j_dsp.g_generic.u_j_mul/y3_out[4][17]
    SLICE_X82Y179        LUT3 (Prop_B5LUT_SLICEM_I0_O)
                                                      0.167     6.572 r  g_int8.u_precision_core/u_core/u_p1/u_prod/u_core/u_core/u_minus_step/g_unified_lane.u_lane_group/g_lane[4].g_lane_n.u_lane/g_j_dsp.g_generic.u_j_mul/slot_write_minus_y3_q[4][17]_i_1/O
                         net (fo=2, routed)           1.281     7.853    g_int8.u_precision_core/u_core/u_p1/u_prod/u_core/g_product32_pair_stream.u_pair_stream32/g_packed_fifo.u_h_stream/data_q_reg_0_15_378_391/DIA0
    SLICE_X31Y192        RAMD32                                       r  g_int8.u_precision_core/u_core/u_p1/u_prod/u_core/g_product32_pair_stream.u_pair_stream32/g_packed_fifo.u_h_stream/data_q_reg_0_15_378_391/RAMA/I
  -------------------------------------------------------------------    -------------------

                         (clock clk rise edge)        5.000     5.000 r  
    P10                                               0.000     5.000 r  clk (IN)
                         net (fo=0)                   0.000     5.000    clk_IBUF_inst/I
    P10                  INBUF (Prop_INBUF_HPIOB_M_PAD_O)
                                                      0.295     5.295 r  clk_IBUF_inst/INBUF_INST/O
                         net (fo=1, routed)           0.000     5.295    clk_IBUF_inst/OUT
    P10                  IBUFCTRL (Prop_IBUFCTRL_HPIOB_M_I_O)
                                                      0.000     5.295 r  clk_IBUF_inst/IBUFCTRL_INST/O
                         net (fo=1, routed)           0.282     5.577    clk_IBUF
    BUFGCE_X0Y72         BUFGCE (Prop_BUFCE_BUFGCE_I_O)
                                                      0.024     5.601 r  clk_IBUF_BUFG_inst/O
    X1Y3 (CLOCK_ROOT)    net (fo=181152, routed)      2.081     7.682    g_int8.u_precision_core/u_core/u_p1/u_prod/u_core/g_product32_pair_stream.u_pair_stream32/g_packed_fifo.u_h_stream/data_q_reg_0_15_378_391/WCLK
    SLICE_X31Y192        RAMD32                                       r  g_int8.u_precision_core/u_core/u_p1/u_prod/u_core/g_product32_pair_stream.u_pair_stream32/g_packed_fifo.u_h_stream/data_q_reg_0_15_378_391/RAMA/CLK
                         clock pessimism              0.374     8.056    
                         clock uncertainty           -0.035     8.021    
    SLICE_X31Y192        RAMD32 (Setup_A5LUT_SLICEM_CLK_I)
                                                     -0.056     7.965    g_int8.u_precision_core/u_core/u_p1/u_prod/u_core/g_product32_pair_stream.u_pair_stream32/g_packed_fifo.u_h_stream/data_q_reg_0_15_378_391/RAMA
  -------------------------------------------------------------------
                         required time                          7.965    
                         arrival time                          -7.853    
  -------------------------------------------------------------------
                         slack                                  0.111    





Min Delay Paths
--------------------------------------------------------------------------------------
Slack (MET) :             0.011ns  (arrival time - required time)
  Source:                 g_int8.u_precision_core/u_core/u_p1/u_prod/u_core/u_core/u_plus_step/g_unified_lane.u_lane_group/g_lane[2].g_lane_n.u_lane/bfly_w2_q_reg[15]/C
                            (rising edge-triggered cell FDRE clocked by clk  {rise@0.000ns fall@2.500ns period=5.000ns})
  Destination:            g_int8.u_precision_core/u_core/u_p1/u_prod/u_core/u_core/u_plus_step/g_unified_lane.u_lane_group/g_lane[2].g_lane_n.u_lane/side_w2_q_reg[0][15]/D
                            (rising edge-triggered cell FDRE clocked by clk  {rise@0.000ns fall@2.500ns period=5.000ns})
  Path Group:             clk
  Path Type:              Hold (Min at Slow Process Corner)
  Requirement:            0.000ns  (clk rise@0.000ns - clk rise@0.000ns)
  Data Path Delay:        0.337ns  (logic 0.058ns (17.211%)  route 0.279ns (82.789%))
  Logic Levels:           0  
  Clock Path Skew:        0.266ns (DCD - SCD - CPR)
    Destination Clock Delay (DCD):    3.439ns
    Source Clock Delay      (SCD):    2.781ns
    Clock Pessimism Removal (CPR):    0.392ns
  Clock Net Delay (Source):      2.180ns (routing 0.856ns, distribution 1.324ns)
  Clock Net Delay (Destination): 2.547ns (routing 0.935ns, distribution 1.612ns)

    Location             Delay type                Incr(ns)  Path(ns)    Netlist Resource(s)
  -------------------------------------------------------------------    -------------------
                         (clock clk rise edge)        0.000     0.000 r  
    P10                                               0.000     0.000 r  clk (IN)
                         net (fo=0)                   0.000     0.000    clk_IBUF_inst/I
    P10                  INBUF (Prop_INBUF_HPIOB_M_PAD_O)
                                                      0.295     0.295 r  clk_IBUF_inst/INBUF_INST/O
                         net (fo=1, routed)           0.000     0.295    clk_IBUF_inst/OUT
    P10                  IBUFCTRL (Prop_IBUFCTRL_HPIOB_M_I_O)
                                                      0.000     0.295 r  clk_IBUF_inst/IBUFCTRL_INST/O
                         net (fo=1, routed)           0.282     0.577    clk_IBUF
    BUFGCE_X0Y72         BUFGCE (Prop_BUFCE_BUFGCE_I_O)
                                                      0.024     0.601 r  clk_IBUF_BUFG_inst/O
    X1Y3 (CLOCK_ROOT)    net (fo=181152, routed)      2.180     2.781    g_int8.u_precision_core/u_core/u_p1/u_prod/u_core/u_core/u_plus_step/g_unified_lane.u_lane_group/g_lane[2].g_lane_n.u_lane/clk_IBUF_BUFG
    SLICE_X76Y121        FDRE                                         r  g_int8.u_precision_core/u_core/u_p1/u_prod/u_core/u_core/u_plus_step/g_unified_lane.u_lane_group/g_lane[2].g_lane_n.u_lane/bfly_w2_q_reg[15]/C
  -------------------------------------------------------------------    -------------------
    SLICE_X76Y121        FDRE (Prop_DFF_SLICEM_C_Q)
                                                      0.058     2.839 r  g_int8.u_precision_core/u_core/u_p1/u_prod/u_core/u_core/u_plus_step/g_unified_lane.u_lane_group/g_lane[2].g_lane_n.u_lane/bfly_w2_q_reg[15]/Q
                         net (fo=1, routed)           0.279     3.118    g_int8.u_precision_core/u_core/u_p1/u_prod/u_core/u_core/u_plus_step/g_unified_lane.u_lane_group/g_lane[2].g_lane_n.u_lane/bfly_w2_q[15]
    SLICE_X82Y117        FDRE                                         r  g_int8.u_precision_core/u_core/u_p1/u_prod/u_core/u_core/u_plus_step/g_unified_lane.u_lane_group/g_lane[2].g_lane_n.u_lane/side_w2_q_reg[0][15]/D
  -------------------------------------------------------------------    -------------------

                         (clock clk rise edge)        0.000     0.000 r  
    P10                                               0.000     0.000 r  clk (IN)
                         net (fo=0)                   0.000     0.000    clk_IBUF_inst/I
    P10                  INBUF (Prop_INBUF_HPIOB_M_PAD_O)
                                                      0.545     0.545 r  clk_IBUF_inst/INBUF_INST/O
                         net (fo=1, routed)           0.000     0.545    clk_IBUF_inst/OUT
    P10                  IBUFCTRL (Prop_IBUFCTRL_HPIOB_M_I_O)
                                                      0.000     0.545 r  clk_IBUF_inst/IBUFCTRL_INST/O
                         net (fo=1, routed)           0.319     0.864    clk_IBUF
    BUFGCE_X0Y72         BUFGCE (Prop_BUFCE_BUFGCE_I_O)
                                                      0.028     0.892 r  clk_IBUF_BUFG_inst/O
    X1Y3 (CLOCK_ROOT)    net (fo=181152, routed)      2.547     3.439    g_int8.u_precision_core/u_core/u_p1/u_prod/u_core/u_core/u_plus_step/g_unified_lane.u_lane_group/g_lane[2].g_lane_n.u_lane/clk_IBUF_BUFG
    SLICE_X82Y117        FDRE                                         r  g_int8.u_precision_core/u_core/u_p1/u_prod/u_core/u_core/u_plus_step/g_unified_lane.u_lane_group/g_lane[2].g_lane_n.u_lane/side_w2_q_reg[0][15]/C
                         clock pessimism             -0.392     3.047    
    SLICE_X82Y117        FDRE (Hold_EFF_SLICEM_C_D)
                                                      0.060     3.107    g_int8.u_precision_core/u_core/u_p1/u_prod/u_core/u_core/u_plus_step/g_unified_lane.u_lane_group/g_lane[2].g_lane_n.u_lane/side_w2_q_reg[0][15]
  -------------------------------------------------------------------
                         required time                         -3.107    
                         arrival time                           3.118    
  -------------------------------------------------------------------
                         slack                                  0.011    





Pulse Width Checks
--------------------------------------------------------------------------------------
Clock Name:         clk
Waveform(ns):       { 0.000 2.500 }
Period(ns):         5.000
Sources:            { clk }

Check Type        Corner  Lib Pin             Reference Pin  Required(ns)  Actual(ns)  Slack(ns)  Location      Pin
Min Period        n/a     RAMB18E2/CLKARDCLK  n/a            1.569         5.000       3.431      RAMB18_X7Y88  g_int8.u_precision_core/u_core/u_p1/u_h_stage0_even/g_word_slots.g_bank[0].g_block.mem_reg_0/CLKARDCLK
Low Pulse Width   Slow    RAMB18E2/CLKARDCLK  n/a            0.542         2.500       1.958      RAMB18_X7Y88  g_int8.u_precision_core/u_core/u_p1/u_h_stage0_even/g_word_slots.g_bank[0].g_block.mem_reg_0/CLKARDCLK
High Pulse Width  Slow    RAMB18E2/CLKARDCLK  n/a            0.542         2.500       1.958      RAMB18_X7Y88  g_int8.u_precision_core/u_core/u_p1/u_h_stage0_even/g_word_slots.g_bank[0].g_block.mem_reg_0/CLKARDCLK



