Copyright 1986-2022 Xilinx, Inc. All Rights Reserved. Copyright 2022-2024 Advanced Micro Devices, Inc. All Rights Reserved.
-------------------------------------------------------------------------------------------------------------------------------------------------------------------------
| Tool Version     : Vivado v.2024.2 (win64) Build 5239630 Fri Nov 08 22:35:27 MST 2024
| Date             : Sat Aug  8 15:03:03 2026
| Host             : <REDACTED>
| Command          : <REDACTED>
| Design           : ntt46_zero_pad_p520_n1024_local_core
| Device           : xczu9eg-ffvb1156-2-e
| Design State     : routed
| Grade            : extended
| Process          : typical
| Characterization : Production
-------------------------------------------------------------------------------------------------------------------------------------------------------------------------

Power Report

Table of Contents
-----------------
1. Summary
1.1 On-Chip Components
1.2 Power Supply Summary
1.3 Confidence Level
2. Settings
2.1 Environment
2.2 Clock Constraints
3. Detailed Reports
3.1 By Hierarchy

1. Summary
----------

+--------------------------+--------------+
| Total On-Chip Power (W)  | 7.827        |
| Design Power Budget (W)  | Unspecified* |
| Power Budget Margin (W)  | NA           |
| Dynamic (W)              | 7.160        |
| Device Static (W)        | 0.667        |
| Effective TJA (C/W)      | 1.0          |
| Max Ambient (C)          | 92.4         |
| Junction Temperature (C) | 32.6         |
| Confidence Level         | Low          |
| Setting File             | ---          |
| Simulation Activity File | ---          |
| Design Nets Matched      | NA           |
+--------------------------+--------------+
* Specify Design Power Budget using, set_operating_conditions -design_power_budget <value in Watts>


1.1 On-Chip Components
----------------------

+--------------------------+-----------+----------+-----------+-----------------+
| On-Chip                  | Power (W) | Used     | Available | Utilization (%) |
+--------------------------+-----------+----------+-----------+-----------------+
| Clocks                   |     0.610 |        3 |       --- |             --- |
| CLB Logic                |     2.261 |   277368 |       --- |             --- |
|   LUT as Logic           |     1.645 |   145113 |    274080 |           52.95 |
|   LUT as Shift Register  |     0.285 |     9158 |    144000 |            6.36 |
|   CARRY8                 |     0.181 |     9993 |     34260 |           29.17 |
|   Register               |     0.091 |    74446 |    548160 |           13.58 |
|   LUT as Distributed RAM |     0.059 |     7104 |    144000 |            4.93 |
|   Others                 |     0.000 |     1187 |       --- |             --- |
|   BUFG                   |     0.000 |        1 |        32 |            3.13 |
|   F7/F8 Muxes            |     0.000 |      795 |    274080 |            0.29 |
| Signals                  |     2.840 |   277263 |       --- |             --- |
| Block RAM                |     0.798 |      511 |       912 |           56.03 |
| DSPs                     |     0.487 |      482 |      2520 |           19.13 |
| I/O                      |     0.166 |      110 |       328 |           33.54 |
| Static Power             |     0.667 |          |           |                 |
| Total                    |     7.827 |          |           |                 |
+--------------------------+-----------+----------+-----------+-----------------+


1.2 Power Supply Summary
------------------------

+-----------------+-------------+-----------+-------------+------------+-------------+-------------+------------+
| Source          | Voltage (V) | Total (A) | Dynamic (A) | Static (A) | Powerup (A) | Budget (A)  | Margin (A) |
+-----------------+-------------+-----------+-------------+------------+-------------+-------------+------------+
| Vccint          |       0.850 |     8.373 |       8.135 |      0.238 |       NA    | Unspecified | NA         |
| Vccint_io       |       0.850 |     0.044 |       0.007 |      0.036 |       NA    | Unspecified | NA         |
| Vccbram         |       0.850 |     0.097 |       0.094 |      0.004 |       NA    | Unspecified | NA         |
| Vccaux          |       1.800 |     0.191 |       0.000 |      0.191 |       NA    | Unspecified | NA         |
| Vccaux_io       |       1.800 |     0.058 |       0.026 |      0.033 |       NA    | Unspecified | NA         |
| Vcco33          |       3.300 |     0.000 |       0.000 |      0.000 |       NA    | Unspecified | NA         |
| Vcco25          |       2.500 |     0.000 |       0.000 |      0.000 |       NA    | Unspecified | NA         |
| Vcco18          |       1.800 |     0.063 |       0.063 |      0.000 |       NA    | Unspecified | NA         |
| Vcco15          |       1.500 |     0.000 |       0.000 |      0.000 |       NA    | Unspecified | NA         |
| Vcco135         |       1.350 |     0.000 |       0.000 |      0.000 |       NA    | Unspecified | NA         |
| Vcco12          |       1.200 |     0.000 |       0.000 |      0.000 |       NA    | Unspecified | NA         |
| Vcco10          |       1.000 |     0.000 |       0.000 |      0.000 |       NA    | Unspecified | NA         |
| Vccadc          |       1.800 |     0.008 |       0.000 |      0.008 |       NA    | Unspecified | NA         |
| VCC_PSINTFP     |       0.850 |     0.000 |       0.000 |      0.000 |       NA    | Unspecified | NA         |
| VCC_PSINTLP     |       0.850 |     0.006 |       0.000 |      0.006 |       NA    | Unspecified | NA         |
| VPS_MGTRAVCC    |       0.850 |     0.000 |       0.000 |      0.000 |       NA    | Unspecified | NA         |
| VCC_PSINTFP_DDR |       0.850 |     0.000 |       0.000 |      0.000 |       NA    | Unspecified | NA         |
| VCC_PSPLL       |       1.200 |     0.002 |       0.000 |      0.002 |       NA    | Unspecified | NA         |
| VPS_MGTRAVTT    |       1.800 |     0.000 |       0.000 |      0.000 |       NA    | Unspecified | NA         |
| VCCO_PSDDR_504  |       1.200 |     0.000 |       0.000 |      0.000 |       NA    | Unspecified | NA         |
| VCC_PSAUX       |       1.800 |     0.002 |       0.000 |      0.002 |       NA    | Unspecified | NA         |
| VCC_PSBATT      |       1.200 |     0.000 |       0.000 |      0.000 |       NA    | Unspecified | NA         |
| VCC_PSDDR_PLL   |       1.800 |     0.000 |       0.000 |      0.000 |       NA    | Unspecified | NA         |
| VCCO_PSIO0_500  |       3.300 |     0.000 |       0.000 |      0.000 |       NA    | Unspecified | NA         |
| VCCO_PSIO1_501  |       3.300 |     0.000 |       0.000 |      0.000 |       NA    | Unspecified | NA         |
| VCCO_PSIO2_502  |       3.300 |     0.000 |       0.000 |      0.000 |       NA    | Unspecified | NA         |
| VCCO_PSIO3_503  |       3.300 |     0.000 |       0.000 |      0.000 |       NA    | Unspecified | NA         |
| VCC_PSADC       |       1.800 |     0.002 |       0.000 |      0.002 |       NA    | Unspecified | NA         |
| MGTAVcc         |       0.900 |     0.000 |       0.000 |      0.000 |       NA    | Unspecified | NA         |
| MGTAVtt         |       1.200 |     0.000 |       0.000 |      0.000 |       NA    | Unspecified | NA         |
| MGTVccaux       |       1.800 |     0.000 |       0.000 |      0.000 |       NA    | Unspecified | NA         |
+-----------------+-------------+-----------+-------------+------------+-------------+-------------+------------+


1.3 Confidence Level
--------------------

+-----------------------------+------------+--------------------------------------------------------+------------------------------------------------------------------------------------------------------------+
| User Input Data             | Confidence | Details                                                | Action                                                                                                     |
+-----------------------------+------------+--------------------------------------------------------+------------------------------------------------------------------------------------------------------------+
| Design implementation state | High       | Design is routed                                       |                                                                                                            |
| Clock nodes activity        | High       | User specified more than 95% of clocks                 |                                                                                                            |
| I/O nodes activity          | Low        | More than 75% of inputs are missing user specification | Provide missing input activity with simulation results or by editing the "By Resource Type -> I/Os" view   |
| Internal nodes activity     | Medium     | User specified less than 25% of internal nodes         | Provide missing internal nodes activity with simulation results or by editing the "By Resource Type" views |
| Device models               | High       | Device models are Production                           |                                                                                                            |
|                             |            |                                                        |                                                                                                            |
| Overall confidence level    | Low        |                                                        |                                                                                                            |
+-----------------------------+------------+--------------------------------------------------------+------------------------------------------------------------------------------------------------------------+


2. Settings
-----------

2.1 Environment
---------------

+-----------------------+--------------------------+
| Ambient Temp (C)      | 25.0                     |
| ThetaJA (C/W)         | 1.0                      |
| Airflow (LFM)         | 250                      |
| Heat Sink             | medium (Medium Profile)  |
| ThetaSA (C/W)         | 1.5                      |
| Board Selection       | medium (10"x10")         |
| # of Board Layers     | 12to15 (12 to 15 Layers) |
| Board Temperature (C) | 25.0                     |
+-----------------------+--------------------------+


2.2 Clock Constraints
---------------------

+-------+--------+-----------------+
| Clock | Domain | Constraint (ns) |
+-------+--------+-----------------+
| clk   | clk    |             4.2 |
+-------+--------+-----------------+


3. Detailed Reports
-------------------

3.1 By Hierarchy
----------------

+--------------------------------------+-----------+
| Name                                 | Power (W) |
+--------------------------------------+-----------+
| ntt46_zero_pad_p520_n1024_local_core |     7.160 |
|   g_input_store[0].u_h_store         |     0.029 |
|   g_input_store[0].u_x_store         |     0.031 |
|   g_input_store[1].u_h_store         |     0.029 |
|   g_input_store[1].u_x_store         |     0.029 |
|   g_input_store[2].u_h_store         |     0.028 |
|   g_input_store[2].u_x_store         |     0.028 |
|   g_input_store[3].u_h_store         |     0.061 |
|   g_input_store[3].u_x_store         |     0.029 |
|   g_result_store[0].u_result_store   |     0.008 |
|   g_result_store[1].u_result_store   |     0.008 |
|   g_result_store[2].u_result_store   |     0.008 |
|   g_result_store[3].u_result_store   |     0.010 |
|   preload_idx_IBUF[0]_inst           |     0.005 |
|   preload_idx_IBUF[1]_inst           |     0.005 |
|   preload_idx_IBUF[5]_inst           |     0.002 |
|   preload_idx_IBUF[6]_inst           |     0.002 |
|   preload_idx_IBUF[7]_inst           |     0.002 |
|   u_read_scale                       |     0.019 |
|     u_mul                            |     0.019 |
|   u_tile                             |     6.629 |
|     u_acc_spec_store                 |     0.091 |
|     u_h_fwd                          |     2.705 |
|       u_step                         |     2.299 |
|       u_store0                       |     0.151 |
|       u_store1                       |     0.134 |
|       u_writer                       |     0.091 |
|     u_h_spec_store                   |     0.108 |
|     u_mac                            |     0.361 |
|       g_mul[0].u_mul                 |     0.021 |
|       g_mul[10].u_mul                |     0.021 |
|       g_mul[11].u_mul                |     0.021 |
|       g_mul[12].u_mul                |     0.022 |
|       g_mul[13].u_mul                |     0.020 |
|       g_mul[14].u_mul                |     0.021 |
|       g_mul[15].u_mul                |     0.021 |
|       g_mul[1].u_mul                 |     0.021 |
|       g_mul[2].u_mul                 |     0.022 |
|       g_mul[3].u_mul                 |     0.021 |
|       g_mul[4].u_mul                 |     0.022 |
|       g_mul[5].u_mul                 |     0.020 |
|       g_mul[6].u_mul                 |     0.022 |
|       g_mul[7].u_mul                 |     0.021 |
|       g_mul[8].u_mul                 |     0.020 |
|       g_mul[9].u_mul                 |     0.020 |
|     u_x_bidir                        |     3.174 |
|       u_step                         |     2.830 |
|       u_store0                       |     0.138 |
|       u_store1                       |     0.123 |
|       u_writer                       |     0.048 |
|     u_x_spec_store                   |     0.096 |
|   y_read_idx_IBUF[5]_inst            |     0.002 |
|   y_read_idx_IBUF[6]_inst            |     0.002 |
|   y_read_idx_IBUF[7]_inst            |     0.001 |
+--------------------------------------+-----------+


